Archive member included because of file (symbol)

../../../../../mcu/apollo/hal/eclipse_gcc/bin/libam_hal.a(am_hal_clkgen.o)
                              bin/exactle_fit.o (am_hal_clkgen_sysclk_select)
../../../../../mcu/apollo/hal/eclipse_gcc/bin/libam_hal.a(am_hal_ctimer.o)
                              bin/exactle_fit.o (am_hal_ctimer_config_single)
../../../../../mcu/apollo/hal/eclipse_gcc/bin/libam_hal.a(am_hal_debug.o)
                              ../../../../../mcu/apollo/hal/eclipse_gcc/bin/libam_hal.a(am_hal_ctimer.o) (am_hal_debug_error)
../../../../../mcu/apollo/hal/eclipse_gcc/bin/libam_hal.a(am_hal_gpio.o)
                              bin/am_devices_led.o (am_hal_gpio_out_enable_bit_get)
../../../../../mcu/apollo/hal/eclipse_gcc/bin/libam_hal.a(am_hal_interrupt.o)
                              bin/hci_drv.o (am_hal_interrupt_enable)
../../../../../mcu/apollo/hal/eclipse_gcc/bin/libam_hal.a(am_hal_iom.o)
                              bin/am_devices_da14581.o (am_hal_iom_enable)
../../../../../mcu/apollo/hal/eclipse_gcc/bin/libam_hal.a(am_hal_mcuctrl.o)
                              bin/exactle_fit.o (am_hal_mcuctrl_bandgap_disable)
../../../../../mcu/apollo/hal/eclipse_gcc/bin/libam_hal.a(am_hal_sysctrl.o)
                              bin/hci_drv.o (am_hal_sysctrl_sleep)
../../../../../mcu/apollo/hal/eclipse_gcc/bin/libam_hal.a(am_hal_uart.o)
                              bin/hci_drv.o (am_hal_uart_config)
../../../../../mcu/apollo/hal/eclipse_gcc/bin/libam_hal.a(am_hal_vcomp.o)
                              bin/exactle_fit.o (am_hal_vcomp_disable)
../../../../../mcu/apollo/hal/eclipse_gcc/bin/libam_hal.a(am_hal_i2c_bit_bang.o)
                              ../../../../../mcu/apollo/hal/eclipse_gcc/bin/libam_hal.a(am_hal_iom.o) (am_hal_i2c_bit_bang_receive)
../../../../../third_party/exactle/projects/generic/stacklib/gcc/bin-cortex-m4/libstacklib.a(att_main.o)
                              bin/exactle_fit.o (AttHandlerInit)
../../../../../third_party/exactle/projects/generic/stacklib/gcc/bin-cortex-m4/libstacklib.a(att_uuid.o)
                              bin/svc_wss.o (attWsfChUuid)
../../../../../third_party/exactle/projects/generic/stacklib/gcc/bin-cortex-m4/libstacklib.a(attc_disc.o)
                              bin/app_disc.o (AttcDiscService)
../../../../../third_party/exactle/projects/generic/stacklib/gcc/bin-cortex-m4/libstacklib.a(attc_main.o)
                              bin/exactle_fit.o (AttcInit)
../../../../../third_party/exactle/projects/generic/stacklib/gcc/bin-cortex-m4/libstacklib.a(attc_proc.o)
                              ../../../../../third_party/exactle/projects/generic/stacklib/gcc/bin-cortex-m4/libstacklib.a(attc_main.o) (attcProcRsp)
../../../../../third_party/exactle/projects/generic/stacklib/gcc/bin-cortex-m4/libstacklib.a(attc_read.o)
                              ../../../../../third_party/exactle/projects/generic/stacklib/gcc/bin-cortex-m4/libstacklib.a(attc_proc.o) (attcProcFindByTypeRsp)
../../../../../third_party/exactle/projects/generic/stacklib/gcc/bin-cortex-m4/libstacklib.a(attc_write.o)
                              ../../../../../third_party/exactle/projects/generic/stacklib/gcc/bin-cortex-m4/libstacklib.a(attc_proc.o) (attcProcPrepWriteRsp)
../../../../../third_party/exactle/projects/generic/stacklib/gcc/bin-cortex-m4/libstacklib.a(atts_ccc.o)
                              bin/fit_main.o (AttsCccRegister)
../../../../../third_party/exactle/projects/generic/stacklib/gcc/bin-cortex-m4/libstacklib.a(atts_ind.o)
                              bin/exactle_fit.o (AttsIndInit)
../../../../../third_party/exactle/projects/generic/stacklib/gcc/bin-cortex-m4/libstacklib.a(atts_main.o)
                              bin/exactle_fit.o (AttsInit)
../../../../../third_party/exactle/projects/generic/stacklib/gcc/bin-cortex-m4/libstacklib.a(atts_proc.o)
                              ../../../../../third_party/exactle/projects/generic/stacklib/gcc/bin-cortex-m4/libstacklib.a(atts_main.o) (attsFindByHandle)
../../../../../third_party/exactle/projects/generic/stacklib/gcc/bin-cortex-m4/libstacklib.a(atts_read.o)
                              ../../../../../third_party/exactle/projects/generic/stacklib/gcc/bin-cortex-m4/libstacklib.a(atts_main.o) (attsProcReadBlobReq)
../../../../../third_party/exactle/projects/generic/stacklib/gcc/bin-cortex-m4/libstacklib.a(atts_write.o)
                              ../../../../../third_party/exactle/projects/generic/stacklib/gcc/bin-cortex-m4/libstacklib.a(atts_main.o) (attsProcWrite)
../../../../../third_party/exactle/projects/generic/stacklib/gcc/bin-cortex-m4/libstacklib.a(dm_adv.o)
                              bin/exactle_fit.o (DmAdvInit)
../../../../../third_party/exactle/projects/generic/stacklib/gcc/bin-cortex-m4/libstacklib.a(dm_conn.o)
                              bin/exactle_fit.o (DmConnInit)
../../../../../third_party/exactle/projects/generic/stacklib/gcc/bin-cortex-m4/libstacklib.a(dm_conn_slave.o)
[...]
Memory Configuration

Name             Origin             Length             Attributes
FLASH            0x00000000         0x00080000         xr
SRAM             0x10000000         0x00010000         xrw
*default*        0x00000000         0xffffffff

Linker script and memory map


.text           0x00000000     0xf4d0
 *(.isr_vector)
 .isr_vector    0x00000000       0x80 bin/startup_gcc.o
                0x00000000                g_am_pfnVectors
 *(.text*)
 .text.appProcMsg
                0x00000080       0x2c bin/app_main.o
 .text.appCheckBonded
                0x000000ac       0x28 bin/app_main.o
                0x000000ac                appCheckBonded
 .text.appCheckBondByLtk
                0x000000d4       0x28 bin/app_main.o
                0x000000d4                appCheckBondByLtk
 .text.appNumConns
                0x000000fc       0x48 bin/app_main.o
                0x000000fc                appNumConns
 .text.AppHandlerInit
                0x00000144       0x20 bin/app_main.o
                0x00000144                AppHandlerInit
 .text.AppHandler
                0x00000164       0x58 bin/app_main.o
                0x00000164                AppHandler
 .text.AppHandlePasskey
                0x000001bc       0x78 bin/app_main.o
                0x000001bc                AppHandlePasskey
 .text.AppConnClose
                0x00000234       0x1c bin/app_main.o
                0x00000234                AppConnClose
 .text.AppConnIsOpen
                0x00000250       0x44 bin/app_main.o
                0x00000250                AppConnIsOpen
 .text.AppDbGetHdl
                0x00000294       0x28 bin/app_main.o
                0x00000294                AppDbGetHdl
 .text.AppServerConnCback
                0x000002bc       0xd0 bin/app_server.o
                0x000002bc                AppServerConnCback
 .text.appSetAdvScanData
                0x0000038c       0x60 bin/app_slave.o
 .text.appSlaveAdvStart
                0x000003ec       0xb0 bin/app_slave.o
 .text.appSlaveAdvTypeChanged
                0x0000049c       0x28 bin/app_slave.o
 .text.appSlaveNextAdvState
                0x000004c4       0x30 bin/app_slave.o
 .text.appConnUpdateTimerStart
                0x000004f4       0x40 bin/app_slave.o
 .text.appConnUpdateTimerStop
                0x00000534       0x20 bin/app_slave.o
 .text.appSlaveConnOpen
                0x00000554       0x90 bin/app_slave.o
 .text.appSlaveConnClose
                0x000005e4       0x54 bin/app_slave.o
 .text.appSlaveConnUpdate
                0x00000638       0x44 bin/app_slave.o
 .text.appSlaveSecConnOpen
                0x0000067c       0x64 bin/app_slave.o
 .text.appSecConnClose
                0x000006e0       0x24 bin/app_slave.o
 .text.appSecPairInd
                0x00000704      0x108 bin/app_slave.o
 .text.appSecStoreKey
                0x0000080c       0x40 bin/app_slave.o
 .text.appSecPairCmpl
                0x0000084c       0x54 bin/app_slave.o
 .text.appSecPairFailed
                0x000008a0       0x18 bin/app_slave.o
 .text.appSecEncryptInd
                0x000008b8       0x30 bin/app_slave.o
 .text.appSecFindLtk
                0x000008e8       0x90 bin/app_slave.o
 .text.appSlaveConnUpdateTimeout
                0x00000978       0x88 bin/app_slave.o
 .text.appSlaveProcMsg
                0x00000a00       0x34 bin/app_slave.o
                0x00000a00                appSlaveProcMsg
 .text.AppSlaveInit
                0x00000a34       0x40 bin/app_slave.o
                0x00000a34                AppSlaveInit
 .text.AppSlaveProcDmMsg
                0x00000a74       0x9c bin/app_slave.o
                0x00000a74                AppSlaveProcDmMsg
 .text.AppSlaveSecProcDmMsg
                0x00000b10       0xb0 bin/app_slave.o
                0x00000b10                AppSlaveSecProcDmMsg
 .text.AppAdvSetData
                0x00000bc0       0x6c bin/app_slave.o
                0x00000bc0                AppAdvSetData
 .text.AppAdvStart
                0x00000c2c       0x74 bin/app_slave.o
                0x00000c2c                AppAdvStart
 .text.AppSetBondable
                0x00000ca0       0x20 bin/app_slave.o
                0x00000ca0                AppSetBondable
 .text.AppDbInit
                0x00000cc0       0x10 bin/app_db.o
                0x00000cc0                AppDbInit
 .text.AppDbNewRecord
                0x00000cd0       0x90 bin/app_db.o
                0x00000cd0                AppDbNewRecord
 .text.AppDbDeleteRecord
                0x00000d60       0x18 bin/app_db.o
                0x00000d60                AppDbDeleteRecord
 .text.AppDbValidateRecord
                0x00000d78       0x24 bin/app_db.o
                0x00000d78                AppDbValidateRecord
 .text.AppDbCheckValidRecord
                0x00000d9c       0x1c bin/app_db.o
                0x00000d9c                AppDbCheckValidRecord
 .text.AppDbCheckBonded
                0x00000db8       0x40 bin/app_db.o
                0x00000db8                AppDbCheckBonded
 .text.AppDbDeleteAllRecords
                0x00000df8       0x38 bin/app_db.o
                0x00000df8                AppDbDeleteAllRecords
 .text.AppDbFindByAddr
                0x00000e30       0x5c bin/app_db.o
                0x00000e30                AppDbFindByAddr
 .text.AppDbFindByLtkReq
                0x00000e8c       0x60 bin/app_db.o
                0x00000e8c                AppDbFindByLtkReq
 .text.AppDbGetKey
                0x00000eec       0x84 bin/app_db.o
                0x00000eec                AppDbGetKey
 .text.AppDbSetKey
                0x00000f70       0xa8 bin/app_db.o
                0x00000f70                AppDbSetKey
 .text.AppDbGetCccTbl
                0x00001018       0x18 bin/app_db.o
                0x00001018                AppDbGetCccTbl
 .text.AppDbSetCccTblValue
                0x00001030       0x28 bin/app_db.o
                0x00001030                AppDbSetCccTblValue
 .text.AppHwBattRead
                0x00001058       0x20 bin/app_hw.o
                0x00001058                AppHwBattRead
 .text.AppHwHrmRead
                0x00001078       0x54 bin/app_hw.o
                0x00001078                AppHwHrmRead
 .text.AppHwHrmTest
                0x000010cc       0x20 bin/app_hw.o
                0x000010cc                AppHwHrmTest
 .text.AppUiAction
                0x000010ec       0x6c bin/app_ui.o
                0x000010ec                AppUiAction
 .text.AppUiDisplayPasskey
                0x00001158       0x14 bin/app_ui.o
                0x00001158                AppUiDisplayPasskey
 .text.appUiTimerExpired
                0x0000116c       0x14 bin/app_ui.o
                0x0000116c                appUiTimerExpired
 .text.appUiBtnPoll
                0x00001180        0xc bin/app_ui.o
                0x00001180                appUiBtnPoll
 .text.AppUiBtnRegister
                0x0000118c       0x1c bin/app_ui.o
                0x0000118c                AppUiBtnRegister
 .text.AppUiBtnPressed
                0x000011a8        0xc bin/app_ui.o
                0x000011a8                AppUiBtnPressed
 .text.fitDmCback
                0x000011b4       0x38 bin/fit_main.o
 .text.fitAttCback
                0x000011ec       0x60 bin/fit_main.o
 .text.fitCccCback
                0x0000124c       0x68 bin/fit_main.o
 .text.fitProcCccState
                0x000012b4       0x70 bin/fit_main.o
 .text.fitClose
                0x00001324       0x28 bin/fit_main.o
 .text.fitSetup
                0x0000134c       0x44 bin/fit_main.o
 .text.fitBtnCback
                0x00001390       0xbc bin/fit_main.o
 .text.fitProcMsg
                0x0000144c       0xfc bin/fit_main.o
 .text.FitHandlerInit
                0x00001548       0x78 bin/fit_main.o
                0x00001548                FitHandlerInit
 .text.FitHandler
                0x000015c0       0x3c bin/fit_main.o
                0x000015c0                FitHandler
 .text.FitStart
                0x000015fc       0x74 bin/fit_main.o
                0x000015fc                FitStart
 .text.hciCmdAlloc
                0x00001670       0x5c bin/hci_cmd.o
                0x00001670                hciCmdAlloc
 .text.hciCmdSend
                0x000016cc       0x74 bin/hci_cmd.o
                0x000016cc                hciCmdSend
 .text.hciCmdInit
                0x00001740       0x34 bin/hci_cmd.o
                0x00001740                hciCmdInit
 .text.hciCmdTimeout
                0x00001774       0x14 bin/hci_cmd.o
                0x00001774                hciCmdTimeout
 .text.hciCmdRecvCmpl
                0x00001788       0x28 bin/hci_cmd.o
                0x00001788                hciCmdRecvCmpl
 .text.HciDisconnectCmd
                0x000017b0       0x58 bin/hci_cmd.o
                0x000017b0                HciDisconnectCmd
 .text.HciLeAddDevWhiteListCmd
                0x00001808       0x48 bin/hci_cmd.o
                0x00001808                HciLeAddDevWhiteListCmd
 .text.HciLeClearWhiteListCmd
                0x00001850       0x24 bin/hci_cmd.o
                0x00001850                HciLeClearWhiteListCmd
 .text.HciLeEncryptCmd
                0x00001874       0x48 bin/hci_cmd.o
                0x00001874                HciLeEncryptCmd
 .text.HciLeLtkReqNegReplCmd
                0x000018bc       0x4c bin/hci_cmd.o
                0x000018bc                HciLeLtkReqNegReplCmd
 .text.HciLeLtkReqReplCmd
                0x00001908       0x58 bin/hci_cmd.o
                0x00001908                HciLeLtkReqReplCmd
 .text.HciLeRandCmd
                0x00001960       0x24 bin/hci_cmd.o
                0x00001960                HciLeRandCmd
 .text.HciLeReadBufSizeCmd
                0x00001984       0x24 bin/hci_cmd.o
                0x00001984                HciLeReadBufSizeCmd
 .text.HciLeReadSupStatesCmd
                0x000019a8       0x24 bin/hci_cmd.o
                0x000019a8                HciLeReadSupStatesCmd
 .text.HciLeReadWhiteListSizeCmd
                0x000019cc       0x24 bin/hci_cmd.o
                0x000019cc                HciLeReadWhiteListSizeCmd
 .text.HciLeRemoveDevWhiteListCmd
                0x000019f0       0x48 bin/hci_cmd.o
                0x000019f0                HciLeRemoveDevWhiteListCmd
 .text.HciLeSetAdvEnableCmd
                0x00001a38       0x38 bin/hci_cmd.o
                0x00001a38                HciLeSetAdvEnableCmd
 .text.HciLeSetAdvDataCmd
                0x00001a70       0x60 bin/hci_cmd.o
                0x00001a70                HciLeSetAdvDataCmd
 .text.HciLeSetAdvParamCmd
                0x00001ad0       0xc0 bin/hci_cmd.o
                0x00001ad0                HciLeSetAdvParamCmd
 .text.HciLeSetEventMaskCmd
                0x00001b90       0x38 bin/hci_cmd.o
                0x00001b90                HciLeSetEventMaskCmd
 .text.HciLeSetRandAddrCmd
                0x00001bc8       0x3c bin/hci_cmd.o
                0x00001bc8                HciLeSetRandAddrCmd
 .text.HciLeSetScanEnableCmd
                0x00001c04       0x48 bin/hci_cmd.o
                0x00001c04                HciLeSetScanEnableCmd
 .text.HciLeSetScanParamCmd
                0x00001c4c       0x88 bin/hci_cmd.o
                0x00001c4c                HciLeSetScanParamCmd
 .text.HciLeSetScanRespDataCmd
                0x00001cd4       0x60 bin/hci_cmd.o
                0x00001cd4                HciLeSetScanRespDataCmd
 .text.HciLeStartEncryptionCmd
                0x00001d34       0x88 bin/hci_cmd.o
                0x00001d34                HciLeStartEncryptionCmd
 .text.HciReadBdAddrCmd
                0x00001dbc       0x24 bin/hci_cmd.o
                0x00001dbc                HciReadBdAddrCmd
 .text.HciReadRssiCmd
                0x00001de0       0x4c bin/hci_cmd.o
                0x00001de0                HciReadRssiCmd
 .text.HciResetCmd
                0x00001e2c       0x30 bin/hci_cmd.o
                0x00001e2c                HciResetCmd
 .text.hciCoreConnAlloc
                0x00001e5c       0x5c bin/hci_core.o
 .text.hciCoreConnFree
                0x00001eb8       0x84 bin/hci_core.o
 .text.hciCoreConnByHandle
                0x00001f3c       0x48 bin/hci_core.o
                0x00001f3c                hciCoreConnByHandle
 .text.hciCoreNextConnFragment
                0x00001f84       0x4c bin/hci_core.o
 .text.hciCoreConnOpen
                0x00001fd0       0x18 bin/hci_core.o
                0x00001fd0                hciCoreConnOpen
 .text.hciCoreConnClose
                0x00001fe8       0x18 bin/hci_core.o
                0x00001fe8                hciCoreConnClose
 .text.hciCoreSendAclData
                0x00002000       0x44 bin/hci_core.o
                0x00002000                hciCoreSendAclData
 .text.hciCoreTxReady
                0x00002044       0xcc bin/hci_core.o
                0x00002044                hciCoreTxReady
 .text.hciCoreTxAclStart
                0x00002110       0x8c bin/hci_core.o
                0x00002110                hciCoreTxAclStart
 .text.hciCoreTxAclContinue
                0x0000219c       0xb8 bin/hci_core.o
                0x0000219c                hciCoreTxAclContinue
 .text.hciCoreTxAclComplete
                0x00002254       0x40 bin/hci_core.o
                0x00002254                hciCoreTxAclComplete
 .text.hciCoreAclReassembly
                0x00002294      0x1d4 bin/hci_core.o
                0x00002294                hciCoreAclReassembly
 .text.HciCoreInit
                0x00002468       0x60 bin/hci_core.o
                0x00002468                HciCoreInit
 .text.HciResetSequence
                0x000024c8       0x14 bin/hci_core.o
                0x000024c8                HciResetSequence
 .text.HciSendAclData
                0x000024dc       0xd4 bin/hci_core.o
                0x000024dc                HciSendAclData
 .text.hciCoreInit
                0x000025b0        0xc bin/hci_core_ps.o
                0x000025b0                hciCoreInit
 .text.hciCoreNumCmplPkts
                0x000025bc       0xd0 bin/hci_core_ps.o
                0x000025bc                hciCoreNumCmplPkts
 .text.hciCoreRecv
                0x0000268c       0x30 bin/hci_core_ps.o
                0x0000268c                hciCoreRecv
 .text.HciCoreHandler
                0x000026bc       0x84 bin/hci_core_ps.o
                0x000026bc                HciCoreHandler
 .text.HciGetBdAddr
                0x00002740       0x14 bin/hci_core_ps.o
                0x00002740                HciGetBdAddr
 .text.HciGetBufSize
                0x00002754       0x18 bin/hci_core_ps.o
                0x00002754                HciGetBufSize
 .text.HciDrvUartEnable
                0x0000276c       0x78 bin/hci_drv.o
                0x0000276c                HciDrvUartEnable
 .text.HciDrvUartDisable
                0x000027e4       0x78 bin/hci_drv.o
                0x000027e4                HciDrvUartDisable
 .text.HciDrvUartFlowOn
                0x0000285c       0x38 bin/hci_drv.o
                0x0000285c                HciDrvUartFlowOn
 .text.HciDrvUartSafeShutdown
                0x00002894      0x124 bin/hci_drv.o
                0x00002894                HciDrvUartSafeShutdown
 .text.hciDrvWrite
                0x000029b8       0xf0 bin/hci_drv.o
                0x000029b8                hciDrvWrite
 .text.HciDrvRadioBoot
                0x00002aa8      0x260 bin/hci_drv.o
                0x00002aa8                HciDrvRadioBoot
 .text.am_uart_isr
                0x00002d08       0x5c bin/hci_drv.o
                0x00002d08                am_uart_isr
 .text.hciEvtParseLeConnCmpl
                0x00002d64       0xe0 bin/hci_evt.o
 .text.hciEvtParseDisconnectCmpl
                0x00002e44       0x60 bin/hci_evt.o
 .text.hciEvtParseLeConnUpdateCmpl
                0x00002ea4       0xac bin/hci_evt.o
 .text.hciEvtParseLeCreateConnCancelCmdCmpl
                0x00002f50       0x2c bin/hci_evt.o
 .text.hciEvtParseReadRssiCmdCmpl
                0x00002f7c       0x60 bin/hci_evt.o
 .text.hciEvtParseReadChanMapCmdCmpl
                0x00002fdc       0x5c bin/hci_evt.o
 .text.hciEvtParseReadTxPwrLvlCmdCmpl
                0x00003038       0x54 bin/hci_evt.o
 .text.hciEvtParseReadRemoteVerInfoCmpl
                0x0000308c       0x9c bin/hci_evt.o
 .text.hciEvtParseReadLeRemoteFeatCmpl
                0x00003128       0x5c bin/hci_evt.o
 .text.hciEvtParseLeLtkReqReplCmdCmpl
                0x00003184       0x54 bin/hci_evt.o
 .text.hciEvtParseLeLtkReqNegReplCmdCmpl
                0x000031d8       0x54 bin/hci_evt.o
 .text.hciEvtParseEncKeyRefreshCmpl
                0x0000322c       0x54 bin/hci_evt.o
 .text.hciEvtParseEncChange
                0x00003280       0x60 bin/hci_evt.o
 .text.hciEvtParseLeLtkReq
                0x000032e0       0x6c bin/hci_evt.o
 .text.hciEvtParseVendorSpecCmdStatus
                0x0000334c       0x38 bin/hci_evt.o
 .text.hciEvtParseVendorSpecCmdCmpl
                0x00003384       0x54 bin/hci_evt.o
 .text.hciEvtParseVendorSpec
                0x000033d8       0x24 bin/hci_evt.o
 .text.hciEvtParseHwError
                0x000033fc       0x24 bin/hci_evt.o
 .text.hciEvtParseLeEncryptCmdCmpl
                0x00003420       0x38 bin/hci_evt.o
 .text.hciEvtParseLeRandCmdCmpl
                0x00003458       0x38 bin/hci_evt.o
 .text.hciEvtProcessLeAdvReport
                0x00003490       0xd8 bin/hci_evt.o
 .text.hciEvtCmdStatusFailure
                0x00003568       0x18 bin/hci_evt.o
                0x00003568                hciEvtCmdStatusFailure
 .text.hciEvtProcessCmdStatus
                0x00003580       0x58 bin/hci_evt.o
                0x00003580                hciEvtProcessCmdStatus
 .text.hciEvtProcessCmdCmpl
                0x000035d8      0x150 bin/hci_evt.o
                0x000035d8                hciEvtProcessCmdCmpl
 .text.hciEvtProcessMsg
                0x00003728      0x228 bin/hci_evt.o
                0x00003728                hciEvtProcessMsg
 .text.hciTrSendAclData
                0x00003950       0x48 bin/hci_tr.o
                0x00003950                hciTrSendAclData
 .text.hciTrSendCmd
                0x00003998       0x38 bin/hci_tr.o
                0x00003998                hciTrSendCmd
 .text.hciTrSerialRxIncoming
                0x000039d0      0x1a4 bin/hci_tr.o
                0x000039d0                hciTrSerialRxIncoming
 .text.hciTrReceivingPacket
                0x00003b74       0x18 bin/hci_tr.o
                0x00003b74                hciTrReceivingPacket
 .text.hciCoreResetStart
                0x00003b8c        0xc bin/hci_vs.o
                0x00003b8c                hciCoreResetStart
 .text.hciCoreResetSequence
                0x00003b98      0x15c bin/hci_vs.o
                0x00003b98                hciCoreResetSequence
 .text.hciCoreVsCmdCmplRcvd
                0x00003cf4       0x20 bin/hci_vs.o
                0x00003cf4                hciCoreVsCmdCmplRcvd
 .text.HciVsInit
                0x00003d14       0x14 bin/hci_vs.o
                0x00003d14                HciVsInit
 .text.basNoConnActive
                0x00003d28       0x40 bin/bas_main.o
 .text.basSetupToSend
                0x00003d68       0x40 bin/bas_main.o
 .text.basFindNextToSend
                0x00003da8       0x6c bin/bas_main.o
 .text.basSendPeriodicBattlevel
                0x00003e14       0x44 bin/bas_main.o
 .text.basConnOpen
                0x00003e58       0x20 bin/bas_main.o
 .text.basHandleValueCnf
                0x00003e78       0x44 bin/bas_main.o
 .text.basMeasTimerExp
                0x00003ebc       0x78 bin/bas_main.o
                0x00003ebc                basMeasTimerExp
 .text.BasInit  0x00003f34       0x30 bin/bas_main.o
                0x00003f34                BasInit
 .text.BasMeasBattStart
                0x00003f64       0x78 bin/bas_main.o
                0x00003f64                BasMeasBattStart
 .text.BasMeasBattStop
                0x00003fdc       0x4c bin/bas_main.o
                0x00003fdc                BasMeasBattStop
 .text.BasProcMsg
                0x00004028       0x44 bin/bas_main.o
                0x00004028                BasProcMsg
 .text.BasSendBattLevel
                0x0000406c       0x38 bin/bas_main.o
                0x0000406c                BasSendBattLevel
 .text.BasReadCback
                0x000040a4       0x24 bin/bas_main.o
                0x000040a4                BasReadCback
 .text.hrpsNoConnActive
                0x000040c8       0x40 bin/hrps_main.o
 .text.hrpsSetupToSend
                0x00004108       0x40 bin/hrps_main.o
 .text.hrpsFindNextToSend
                0x00004148       0x5c bin/hrps_main.o
 .text.hrpsSendHrmNtf
                0x000041a4       0x84 bin/hrps_main.o
 .text.hrpsConnOpen
                0x00004228       0x20 bin/hrps_main.o
 .text.hrpsHandleValueCnf
                0x00004248       0x54 bin/hrps_main.o
 .text.hrpsMeasTimerExp
                0x0000429c       0x7c bin/hrps_main.o
                0x0000429c                hrpsMeasTimerExp
 .text.HrpsInit
                0x00004318       0x28 bin/hrps_main.o
                0x00004318                HrpsInit
 .text.HrpsMeasStart
                0x00004340       0x50 bin/hrps_main.o
                0x00004340                HrpsMeasStart
 .text.HrpsMeasStop
                0x00004390       0x44 bin/hrps_main.o
                0x00004390                HrpsMeasStop
 .text.HrpsProcMsg
                0x000043d4       0x44 bin/hrps_main.o
                0x000043d4                HrpsProcMsg
 .text.HrpsWriteCback
                0x00004418       0x34 bin/hrps_main.o
                0x00004418                HrpsWriteCback
 .text.HrpsSetFlags
                0x0000444c       0x20 bin/hrps_main.o
                0x0000444c                HrpsSetFlags
 .text.SvcBattAddGroup
                0x0000446c       0x10 bin/svc_batt.o
                0x0000446c                SvcBattAddGroup
 .text.SvcBattCbackRegister
                0x0000447c       0x24 bin/svc_batt.o
                0x0000447c                SvcBattCbackRegister
 .text.SvcCoreAddGroup
                0x000044a0       0x1c bin/svc_core.o
                0x000044a0                SvcCoreAddGroup
 .text.SvcDisAddGroup
                0x000044bc       0x10 bin/svc_dis.o
                0x000044bc                SvcDisAddGroup
 .text.SvcHrsAddGroup
                0x000044cc       0x10 bin/svc_hrs.o
                0x000044cc                SvcHrsAddGroup
 .text.SvcHrsCbackRegister
                0x000044dc       0x24 bin/svc_hrs.o
                0x000044dc                SvcHrsCbackRegister
 .text.HciEvtRegister
                0x00004500       0x1c bin/hci_main.o
                0x00004500                HciEvtRegister
 .text.HciSecRegister
                0x0000451c       0x1c bin/hci_main.o
                0x0000451c                HciSecRegister
 .text.HciAclRegister
                0x00004538       0x24 bin/hci_main.o
                0x00004538                HciAclRegister
 .text.HciHandlerInit
                0x0000455c       0x2c bin/hci_main.o
                0x0000455c                HciHandlerInit
 .text.HciHandler
                0x00004588       0x1c bin/hci_main.o
                0x00004588                HciHandler
 .text.BdaCpy   0x000045a4       0x1c bin/bda.o
                0x000045a4                BdaCpy
 .text.BdaCmp   0x000045c0       0x28 bin/bda.o
                0x000045c0                BdaCmp
 .text.BdaClr   0x000045e8       0x20 bin/bda.o
                0x000045e8                BdaClr
 .text.Calc128Cpy
                0x00004608       0x1c bin/calc128.o
                0x00004608                Calc128Cpy
 .text.Calc128Cpy64
                0x00004624       0x1c bin/calc128.o
                0x00004624                Calc128Cpy64
 .text.WsfCsEnter
                0x00004640       0x28 bin/wsf_os.o
                0x00004640                WsfCsEnter
 .text.WsfCsExit
                0x00004668       0x28 bin/wsf_os.o
                0x00004668                WsfCsExit
 .text.WsfTaskLock
                0x00004690        0xc bin/wsf_os.o
                0x00004690                WsfTaskLock
 .text.WsfTaskUnlock
                0x0000469c        0xc bin/wsf_os.o
                0x0000469c                WsfTaskUnlock
 .text.WsfSetEvent
                0x000046a8       0x54 bin/wsf_os.o
                0x000046a8                WsfSetEvent
 .text.WsfTaskSetReady
                0x000046fc       0x34 bin/wsf_os.o
                0x000046fc                WsfTaskSetReady
 .text.WsfTaskMsgQueue
                0x00004730       0x1c bin/wsf_os.o
                0x00004730                WsfTaskMsgQueue
 .text.WsfOsSetNextHandler
                0x0000474c       0x38 bin/wsf_os.o
                0x0000474c                WsfOsSetNextHandler
 .text.wsfOsReadyToSleep
                0x00004784       0x24 bin/wsf_os.o
                0x00004784                wsfOsReadyToSleep
 .text.wsfOsDispatcher
                0x000047a8      0x108 bin/wsf_os.o
                0x000047a8                wsfOsDispatcher
 .text.WsfBufInit
                0x000048b0      0x124 bin/wsf_buf.o
                0x000048b0                WsfBufInit
 .text.WsfBufAlloc
                0x000049d4       0x74 bin/wsf_buf.o
                0x000049d4                WsfBufAlloc
 .text.WsfBufFree
                0x00004a48       0x74 bin/wsf_buf.o
                0x00004a48                WsfBufFree
 .text.WsfMsgAlloc
                0x00004abc       0x30 bin/wsf_msg.o
                0x00004abc                WsfMsgAlloc
 .text.WsfMsgFree
                0x00004aec       0x18 bin/wsf_msg.o
                0x00004aec                WsfMsgFree
 .text.WsfMsgSend
                0x00004b04       0x34 bin/wsf_msg.o
                0x00004b04                WsfMsgSend
 .text.WsfMsgEnq
                0x00004b38       0x28 bin/wsf_msg.o
                0x00004b38                WsfMsgEnq
 .text.WsfMsgDeq
                0x00004b60       0x30 bin/wsf_msg.o
                0x00004b60                WsfMsgDeq
 .text.WsfQueueEnq
                0x00004b90       0x44 bin/wsf_queue.o
                0x00004b90                WsfQueueEnq
 .text.WsfQueueDeq
                0x00004bd4       0x3c bin/wsf_queue.o
                0x00004bd4                WsfQueueDeq
 .text.WsfQueuePush
                0x00004c10       0x34 bin/wsf_queue.o
                0x00004c10                WsfQueuePush
 .text.WsfQueueInsert
                0x00004c44       0x54 bin/wsf_queue.o
                0x00004c44                WsfQueueInsert
 .text.WsfQueueRemove
                0x00004c98       0x48 bin/wsf_queue.o
                0x00004c98                WsfQueueRemove
 .text.WsfQueueCount
                0x00004ce0       0x38 bin/wsf_queue.o
                0x00004ce0                WsfQueueCount
 .text.WsfQueueEmpty
                0x00004d18       0x2c bin/wsf_queue.o
                0x00004d18                WsfQueueEmpty
 .text.wsfSecHciCback
                0x00004d44       0x84 bin/wsf_sec.o
 .text.WsfSecInit
                0x00004dc8       0x28 bin/wsf_sec.o
                0x00004dc8                WsfSecInit
 .text.WsfSecRand
                0x00004df0       0x44 bin/wsf_sec.o
                0x00004df0                WsfSecRand
 .text.WsfSecAes
                0x00004e34       0x70 bin/wsf_sec_aes.o
                0x00004e34                WsfSecAes
 .text.wsfTimerRemove
                0x00004ea4       0x50 bin/wsf_timer.o
 .text.wsfTimerInsert
                0x00004ef4       0x6c bin/wsf_timer.o
 .text.WsfTimerInit
                0x00004f60       0x1c bin/wsf_timer.o
                0x00004f60                WsfTimerInit
 .text.WsfTimerStartSec
                0x00004f7c       0x20 bin/wsf_timer.o
                0x00004f7c                WsfTimerStartSec
 .text.WsfTimerStartMs
                0x00004f9c       0x28 bin/wsf_timer.o
                0x00004f9c                WsfTimerStartMs
 .text.WsfTimerStop
                0x00004fc4       0x1c bin/wsf_timer.o
                0x00004fc4                WsfTimerStop
 .text.WsfTimerUpdate
                0x00004fe0       0x58 bin/wsf_timer.o
                0x00004fe0                WsfTimerUpdate
 .text.WsfTimerNextExpiration
                0x00005038       0x40 bin/wsf_timer.o
                0x00005038                WsfTimerNextExpiration
 .text.WsfTimerServiceExpired
                0x00005078       0x54 bin/wsf_timer.o
                0x00005078                WsfTimerServiceExpired
 .text.exactle_stack_init
                0x000050cc       0xf0 bin/exactle_fit.o
                0x000050cc                exactle_stack_init
 .text.scheduler_timer_init
                0x000051bc       0x4c bin/exactle_fit.o
                0x000051bc                scheduler_timer_init
 .text.update_scheduler_timers
                0x00005208       0x6c bin/exactle_fit.o
                0x00005208                update_scheduler_timers
 .text.set_next_wakeup
                0x00005274       0x70 bin/exactle_fit.o
                0x00005274                set_next_wakeup
 .text.am_ctimer_isr
                0x000052e4       0x1c bin/exactle_fit.o
                0x000052e4                am_ctimer_isr
 .text.am_gpio_isr
                0x00005300       0x40 bin/exactle_fit.o
                0x00005300                am_gpio_isr
 .text.main     0x00005340       0x54 bin/exactle_fit.o
                0x00005340                main
 .text.am_util_delay_cycles
                0x00005394        0x8 bin/am_util_delay.o
                0x00005394                am_util_delay_cycles
 .text.am_util_delay_ms
                0x0000539c       0x30 bin/am_util_delay.o
                0x0000539c                am_util_delay_ms
 .text.am_util_delay_us
                0x000053cc       0x30 bin/am_util_delay.o
                0x000053cc                am_util_delay_us
 .text.am_fault_isr
                0x000053fc       0x10 bin/am_util_faultisr.o
                0x000053fc                am_fault_isr
 .text.getStackedReg
                0x0000540c        0xc bin/am_util_faultisr.o
                0x0000540c                getStackedReg
 .text.am_util_faultisr_collect_data
                0x00005418       0xc4 bin/am_util_faultisr.o
                0x00005418                am_util_faultisr_collect_data
 .text.am_devices_da14581_uart_boot
                0x000054dc       0xc8 bin/am_devices_da14581.o
                0x000054dc                am_devices_da14581_uart_boot
 .text.am_reset_isr
                0x000055a4       0x64 bin/startup_gcc.o
                0x000055a4                am_reset_isr
 .text.am_nmi_isr
                0x00005608        0x8 bin/startup_gcc.o
                0x00005608                am_nmi_isr
 .text.am_default_isr
                0x00005610        0x8 bin/startup_gcc.o
                0x00005610                am_adc_isr
                0x00005610                am_software14_isr
                0x00005610                am_clkgen_isr
                0x00005610                am_svcall_isr
                0x00005610                am_ioslave_acc_isr
                0x00005610                am_software15_isr
                0x00005610                am_iomaster1_isr
                0x00005610                am_brownout_isr
                0x00005610                am_vcomp_isr
                0x00005610                am_usagefault_isr
                0x00005610                am_debugmon_isr
                0x00005610                am_software12_isr
                0x00005610                am_software13_isr
                0x00005610                am_ioslave_ios_isr
                0x00005610                am_systick_isr
                0x00005610                am_watchdog_isr
                0x00005610                am_iomaster0_isr
                0x00005610                am_default_isr
                0x00005610                am_pendsv_isr
 .text.am_hal_clkgen_sysclk_select
                0x00005618       0x20 ../../../../../mcu/apollo/hal/eclipse_gcc/bin/libam_hal.a(am_hal_clkgen.o)
                0x00005618                am_hal_clkgen_sysclk_select
 .text.am_hal_clkgen_sysclk_get
                0x00005638       0x18 ../../../../../mcu/apollo/hal/eclipse_gcc/bin/libam_hal.a(am_hal_clkgen.o)
                0x00005638                am_hal_clkgen_sysclk_get
 .text.back2back_reads
                0x00005650       0x24 ../../../../../mcu/apollo/hal/eclipse_gcc/bin/libam_hal.a(am_hal_ctimer.o)
 .text.am_hal_ctimer_config_single
                0x00005674       0x38 ../../../../../mcu/apollo/hal/eclipse_gcc/bin/libam_hal.a(am_hal_ctimer.o)
                0x00005674                am_hal_ctimer_config_single
 .text.am_hal_ctimer_start
                0x000056ac       0x24 ../../../../../mcu/apollo/hal/eclipse_gcc/bin/libam_hal.a(am_hal_ctimer.o)
                0x000056ac                am_hal_ctimer_start
 .text.am_hal_ctimer_stop
                0x000056d0       0x18 ../../../../../mcu/apollo/hal/eclipse_gcc/bin/libam_hal.a(am_hal_ctimer.o)
                0x000056d0                am_hal_ctimer_stop
 .text.am_hal_ctimer_clear
                0x000056e8       0x14 ../../../../../mcu/apollo/hal/eclipse_gcc/bin/libam_hal.a(am_hal_ctimer.o)
                0x000056e8                am_hal_ctimer_clear
 .text.am_hal_ctimer_read
                0x000056fc       0xa8 ../../../../../mcu/apollo/hal/eclipse_gcc/bin/libam_hal.a(am_hal_ctimer.o)
                0x000056fc                am_hal_ctimer_read
 .text.am_hal_ctimer_period_set
                0x000057a4       0x80 ../../../../../mcu/apollo/hal/eclipse_gcc/bin/libam_hal.a(am_hal_ctimer.o)
                0x000057a4                am_hal_ctimer_period_set
 .text.am_hal_ctimer_int_enable
                0x00005824       0x10 ../../../../../mcu/apollo/hal/eclipse_gcc/bin/libam_hal.a(am_hal_ctimer.o)
                0x00005824                am_hal_ctimer_int_enable
 .text.am_hal_ctimer_int_clear
                0x00005834        0xc ../../../../../mcu/apollo/hal/eclipse_gcc/bin/libam_hal.a(am_hal_ctimer.o)
                0x00005834                am_hal_ctimer_int_clear
 .text.am_hal_ctimer_int_status_get
                0x00005840       0x1c ../../../../../mcu/apollo/hal/eclipse_gcc/bin/libam_hal.a(am_hal_ctimer.o)
                0x00005840                am_hal_ctimer_int_status_get
 .text.am_hal_debug_error
                0x0000585c        0x4 ../../../../../mcu/apollo/hal/eclipse_gcc/bin/libam_hal.a(am_hal_debug.o)
                0x0000585c                am_hal_debug_error
 .text.am_hal_gpio_int_enable
                0x00005860       0x20 ../../../../../mcu/apollo/hal/eclipse_gcc/bin/libam_hal.a(am_hal_gpio.o)
                0x00005860                am_hal_gpio_int_enable
 .text.am_hal_gpio_int_disable
                0x00005880       0x24 ../../../../../mcu/apollo/hal/eclipse_gcc/bin/libam_hal.a(am_hal_gpio.o)
                0x00005880                am_hal_gpio_int_disable
 .text.am_hal_gpio_int_clear
                0x000058a4       0x1c ../../../../../mcu/apollo/hal/eclipse_gcc/bin/libam_hal.a(am_hal_gpio.o)
                0x000058a4                am_hal_gpio_int_clear
 .text.am_hal_gpio_int_status_get
                0x000058c0       0x4c ../../../../../mcu/apollo/hal/eclipse_gcc/bin/libam_hal.a(am_hal_gpio.o)
                0x000058c0                am_hal_gpio_int_status_get
 .text.am_hal_interrupt_enable
                0x0000590c       0x50 ../../../../../mcu/apollo/hal/eclipse_gcc/bin/libam_hal.a(am_hal_interrupt.o)
                0x0000590c                am_hal_interrupt_enable
 .text.am_hal_interrupt_master_enable
                0x0000595c        0x8 ../../../../../mcu/apollo/hal/eclipse_gcc/bin/libam_hal.a(am_hal_interrupt.o)
                0x0000595c                am_hal_interrupt_master_enable
 .text.am_hal_interrupt_master_disable
                0x00005964        0x8 ../../../../../mcu/apollo/hal/eclipse_gcc/bin/libam_hal.a(am_hal_interrupt.o)
                0x00005964                am_hal_interrupt_master_disable
 .text.am_hal_mcuctrl_bandgap_disable
                0x0000596c       0x10 ../../../../../mcu/apollo/hal/eclipse_gcc/bin/libam_hal.a(am_hal_mcuctrl.o)
                0x0000596c                am_hal_mcuctrl_bandgap_disable
 .text.am_hal_mcuctrl_bucks_enable
                0x0000597c       0x2c ../../../../../mcu/apollo/hal/eclipse_gcc/bin/libam_hal.a(am_hal_mcuctrl.o)
                0x0000597c                am_hal_mcuctrl_bucks_enable
 .text.am_hal_sysctrl_sleep
                0x000059a8       0x34 ../../../../../mcu/apollo/hal/eclipse_gcc/bin/libam_hal.a(am_hal_sysctrl.o)
                0x000059a8                am_hal_sysctrl_sleep
 .text.am_hal_uart_config
                0x000059dc       0x6c ../../../../../mcu/apollo/hal/eclipse_gcc/bin/libam_hal.a(am_hal_uart.o)
                0x000059dc                am_hal_uart_config
 .text.am_hal_uart_enable
                0x00005a48       0x14 ../../../../../mcu/apollo/hal/eclipse_gcc/bin/libam_hal.a(am_hal_uart.o)
                0x00005a48                am_hal_uart_enable
 .text.am_hal_uart_disable
                0x00005a5c       0x14 ../../../../../mcu/apollo/hal/eclipse_gcc/bin/libam_hal.a(am_hal_uart.o)
                0x00005a5c                am_hal_uart_disable
 .text.am_hal_uart_clock_enable
                0x00005a70       0x28 ../../../../../mcu/apollo/hal/eclipse_gcc/bin/libam_hal.a(am_hal_uart.o)
                0x00005a70                am_hal_uart_clock_enable
 .text.am_hal_uart_clock_disable
                0x00005a98       0x20 ../../../../../mcu/apollo/hal/eclipse_gcc/bin/libam_hal.a(am_hal_uart.o)
                0x00005a98                am_hal_uart_clock_disable
 .text.am_hal_uart_fifo_config
                0x00005ab8       0x18 ../../../../../mcu/apollo/hal/eclipse_gcc/bin/libam_hal.a(am_hal_uart.o)
                0x00005ab8                am_hal_uart_fifo_config
 .text.am_hal_uart_char_transmit_polled
                0x00005ad0       0x18 ../../../../../mcu/apollo/hal/eclipse_gcc/bin/libam_hal.a(am_hal_uart.o)
                0x00005ad0                am_hal_uart_char_transmit_polled
 .text.am_hal_uart_char_receive_polled
                0x00005ae8       0x18 ../../../../../mcu/apollo/hal/eclipse_gcc/bin/libam_hal.a(am_hal_uart.o)
                0x00005ae8                am_hal_uart_char_receive_polled
 .text.am_hal_vcomp_disable
                0x00005b00        0xc ../../../../../mcu/apollo/hal/eclipse_gcc/bin/libam_hal.a(am_hal_vcomp.o)
                0x00005b00                am_hal_vcomp_disable
 .text          0x00005b0c      0x198 ../../../../../third_party/exactle/projects/generic/stacklib/gcc/bin-cortex-m4/libstacklib.a(att_main.o)
                0x00005b84                attEmptyHandler
                0x00005b86                attEmptyConnCback
                0x00005b88                attEmptyDataCback
                0x00005be0                attCcbByHandle
                0x00005bf8                attCcbByConnId
                0x00005c08                attUuidCmp16to128
                0x00005c28                AttHandlerInit
                0x00005c60                AttHandler
                0x00005c7c                AttRegister
                0x00005c88                AttConnRegister
                0x00005c94                AttGetMtu
 .text          0x00005ca4      0x470 ../../../../../third_party/exactle/projects/generic/stacklib/gcc/bin-cortex-m4/libstacklib.a(attc_main.o)
                0x00005d1c                attcSendReq
                0x00005d2c                attcSetupReq
                0x00005d54                attcCcbByConnId
                0x00005d70                attcCcbByHandle
                0x00005dc0                attcFreePkt
                0x00005df2                attcExecCallback
                0x00005e24                attcReqClear
                0x000060c8                AttcInit
 .text          0x00006114      0x3c4 ../../../../../third_party/exactle/projects/generic/stacklib/gcc/bin-cortex-m4/libstacklib.a(attc_proc.o)
                0x00006114                attcProcErrRsp
                0x00006142                attcProcMtuRsp
                0x00006164                attcProcFindOrReadRsp
                0x0000622a                attcProcReadRsp
                0x0000622c                attcProcWriteRsp
                0x00006232                attcProcRsp
                0x000062e4                attcProcInd
                0x00006360                attcSendMsg
                0x000063ec                AttcFindInfoReq
                0x0000641c                AttcReadReq
                0x0000644c                AttcWriteReq
                0x00006494                AttcCancelReq
                0x000064a8                AttcMtuReq
 .text          0x000064d8      0x21e ../../../../../third_party/exactle/projects/generic/stacklib/gcc/bin-cortex-m4/libstacklib.a(attc_read.o)
                0x000064d8                attcProcFindByTypeRsp
                0x00006548                attcProcReadLongRsp
                0x00006566                AttcFindByTypeValueReq
                0x000065c6                AttcReadByTypeReq
                0x0000661c                AttcReadLongReq
                0x00006650                AttcReadMultipleReq
                0x000066a0                AttcReadByGroupTypeReq
 .text          0x000066f6       0xfe ../../../../../third_party/exactle/projects/generic/stacklib/gcc/bin-cortex-m4/libstacklib.a(attc_write.o)
                0x000066f6                attcProcPrepWriteRsp
                0x00006708                AttcWriteCmd
                0x00006750                AttcPrepareWriteReq
                0x000067ca                AttcExecuteWriteReq
 .text          0x000067f4      0x1dc ../../../../../third_party/exactle/projects/generic/stacklib/gcc/bin-cortex-m4/libstacklib.a(atts_ccc.o)
                0x000068c0                AttsCccRegister
                0x000068dc                AttsCccInitTable
                0x0000695c                AttsCccClearTable
                0x00006978                AttsCccGet
                0x0000698c                AttsCccSet
                0x000069a0                AttsCccEnabled
 .text          0x000069d0      0x27c ../../../../../third_party/exactle/projects/generic/stacklib/gcc/bin-cortex-m4/libstacklib.a(atts_ind.o)
                0x00006bc0                attsProcValueCnf
                0x00006bec                AttsIndInit
                0x00006c30                AttsHandleValueInd
                0x00006c3e                AttsHandleValueNtf
 .text          0x00006c4c      0x288 ../../../../../third_party/exactle/projects/generic/stacklib/gcc/bin-cortex-m4/libstacklib.a(atts_main.o)
                0x00006c7c                attsErrRsp
                0x00006d30                attsClearPrepWrites
                0x00006d7c                attsDiscBusy
                0x00006dbc                AttsInit
                0x00006de8                AttsAuthorRegister
                0x00006df4                AttsAddGroup
                0x00006e28                AttsRemoveGroup
                0x00006e58                AttsSetAttr
                0x00006ea4                AttsGetAttr
                0x00006ec6                AttsErrorTest
 .text          0x00006ed4      0x344 ../../../../../third_party/exactle/projects/generic/stacklib/gcc/bin-cortex-m4/libstacklib.a(atts_proc.o)
                0x00006ed4                attsUuidCmp
                0x00006f12                attsUuid16Cmp
                0x00006f3a                attsFindByHandle
                0x00006f64                attsFindInRange
                0x00006f94                attsPermissions
                0x00007000                attsProcMtuReq
                0x00007040                attsProcFindInfoReq
                0x00007162                attsProcReadReq
 .text          0x00007218      0x7a8 ../../../../../third_party/exactle/projects/generic/stacklib/gcc/bin-cortex-m4/libstacklib.a(atts_read.o)
                0x00007218                attsFindUuidInRange
                0x00007288                attsFindServiceGroupEnd
                0x00007318                attsProcReadBlobReq
                0x000073f8                attsProcFindTypeReq
                0x00007510                attsProcReadTypeReq
                0x000076f0                attsProcReadMultReq
                0x000077fc                attsProcReadGroupTypeReq
 .text          0x000079c0      0x2f8 ../../../../../third_party/exactle/projects/generic/stacklib/gcc/bin-cortex-m4/libstacklib.a(atts_write.o)
                0x000079c0                attsProcWrite
                0x00007aa8                attsProcPrepWriteReq
                0x00007ba0                attsProcExecWriteReq
 .text          0x00007cb8      0x33c ../../../../../third_party/exactle/projects/generic/stacklib/gcc/bin-cortex-m4/libstacklib.a(dm_adv.o)
                0x00007cb8                dmAdvHciHandler
                0x00007cba                dmAdvMsgHandler
                0x00007ccc                dmAdvReset
                0x00007d48                dmAdvActStop
                0x00007d94                dmAdvActTimeout
                0x00007d98                dmAdvActStart
                0x00007dec                dmAdvStartDirected
                0x00007df6                dmAdvStopDirected
                0x00007e0c                dmAdvConnected
                0x00007e18                dmAdvConnectFailed
                0x00007e24                DmAdvInit
                0x00007e34                DmAdvStart
                0x00007e60                DmAdvStop
                0x00007e84                DmAdvSetInterval
                0x00007ea0                DmAdvSetChannelMap
                0x00007eb8                DmAdvSetData
                0x00007eca                DmAdvSetAddrType
                0x00007ee4                DmAdvSetAdValue
                0x00007f72                DmAdvSetName
 .text          0x00007ff4      0x530 ../../../../../third_party/exactle/projects/generic/stacklib/gcc/bin-cortex-m4/libstacklib.a(dm_conn.o)
                0x00007ff4                dmConnSmActNone
                0x00007ff6                dmConnSmActHciUpdated
                0x0000800c                dmConnReset
                0x00008040                dmConnSmActClose
                0x00008048                dmConnCcbAlloc
                0x00008094                dmConnCcbDealloc
                0x0000809a                dmConnCcbByHandle
                0x000080c0                dmConn2HciHandler
                0x00008104                dmConnCcbByBdAddr
                0x00008130                dmConnHciHandler
                0x000081ac                dmConnCcbById
                0x000081c8                dmConnMsgHandler
                0x000081e0                dmConn2MsgHandler
                0x000081fe                dmConnExecCback
                0x0000821c                dmConnSmActConnOpened
                0x00008270                dmConnSmActConnFailed
                0x0000827e                dmConnSmActConnClosed
                0x0000828c                dmConnOpenAccept
                0x00008314                DmConnInit
                0x00008338                DmConnRegister
                0x00008358                DmConnClose
                0x00008388                DmConnUpdate
                0x000083cc                DmConnSetScanInterval
                0x000083ec                DmConnSetConnSpec
                0x0000840c                DmConnReadRssi
                0x00008434                DmConnIdByHandle
                0x00008458                DmConnInUse
                0x0000846c                DmConnPeerAddrType
                0x00008480                DmConnPeerAddr
                0x00008490                DmConnLocalAddrType
                0x000084a4                DmConnLocalAddr
                0x000084b8                DmConnSecLevel
                0x000084cc                DmConnSetIdle
                0x00008504                DmConnCheckIdle
 .text          0x00008524       0xd0 ../../../../../third_party/exactle/projects/generic/stacklib/gcc/bin-cortex-m4/libstacklib.a(dm_conn_slave.o)
                0x00008524                dmConnSmActAccept
                0x0000852c                dmConnSmActCancelAccept
                0x00008542                dmConnSmActConnAccepted
                0x00008558                dmConnSmActAcceptFailed
                0x0000856e                dmConnSmActL2cUpdateCnf
                0x000085ac                dmConnSmActUpdateSlave
                0x000085be                DmL2cConnUpdateCnf
                0x000085dc                DmConnSlaveInit
                0x000085ec                DmConnAccept
 .text          0x000085f4       0x48 ../../../../../third_party/exactle/projects/generic/stacklib/gcc/bin-cortex-m4/libstacklib.a(dm_conn_sm.o)
                0x000085f4                dmConnSmExecute
 .text          0x0000863c       0x90 ../../../../../third_party/exactle/projects/generic/stacklib/gcc/bin-cortex-m4/libstacklib.a(dm_dev.o)
                0x0000863c                dmDevHciHandler
                0x0000865c                dmDevMsgHandler
                0x0000865e                DmDevReset
                0x00008662                DmDevRole
                0x0000866c                DmDevSetRandAddr
                0x00008688                DmDevWhiteListAdd
                0x0000868c                DmDevWhiteListRemove
                0x00008690                DmDevWhiteListClear
                0x00008694                DmDevSetFilterPolicy
                0x000086c8                DmDevVsInit
 .text          0x000086cc       0x8c ../../../../../third_party/exactle/projects/generic/stacklib/gcc/bin-cortex-m4/libstacklib.a(dm_main.o)
                0x000086e4                dmEmptyReset
                0x000086e6                dmEmptyHandler
                0x000086e8                DmRegister
                0x000086f4                DmFindAdType
                0x0000871a                DmHandlerInit
                0x00008740                DmHandler
 .text          0x00008758      0x1d4 ../../../../../third_party/exactle/projects/generic/stacklib/gcc/bin-cortex-m4/libstacklib.a(dm_scan.o)
                0x00008758                dmScanMsgHandler
                0x0000876c                dmScanReset
                0x0000878c                dmScanActStart
                0x00008804                dmScanActStop
                0x0000883c                dmScanActTimeout
                0x00008840                dmScanActHciReport
                0x00008894                dmScanHciHandler
                0x000088a0                DmScanInit
                0x000088b0                DmScanStart
                0x000088e4                DmScanStop
                0x00008908                DmScanSetInterval
                0x00008914                DmScanSetAddrType
 .text          0x0000892c      0x258 ../../../../../third_party/exactle/projects/generic/stacklib/gcc/bin-cortex-m4/libstacklib.a(dm_sec.o)
                0x0000892c                dmSecMsgHandler
                0x00008992                dmSecApiLtkMsg
                0x000089d8                DmSmpCbackExec
                0x00008a04                dmSecHciHandler
                0x00008acc                DmSecCancelReq
                0x00008aec                DmSecAuthRsp
                0x00008b1c                DmSecInit
                0x00008b3c                DmSecSetLocalCsrk
                0x00008b54                DmSecSetLocalIrk
                0x00008b6c                DmSecGetLocalCsrk
                0x00008b78                DmSecGetLocalIrk
 .text          0x00008b84       0xa0 ../../../../../third_party/exactle/projects/generic/stacklib/gcc/bin-cortex-m4/libstacklib.a(dm_sec_slave.o)
                0x00008b84                DmSecPairRsp
                0x00008bc2                DmSecSlaveReq
                0x00008be2                DmSecLtkRsp
 .text          0x00008c24      0x1a0 ../../../../../third_party/exactle/projects/generic/stacklib/gcc/bin-cortex-m4/libstacklib.a(l2c_main.o)
                0x00008cdc                l2cRxSignalingPkt
                0x00008d0c                L2cInit
                0x00008d50                L2cRegister
                0x00008d64                L2cDataReq
                0x00008d8e                l2cSendCmdReject
 .text          0x00008dc4      0x114 ../../../../../third_party/exactle/projects/generic/stacklib/gcc/bin-cortex-m4/libstacklib.a(l2c_slave.o)
                0x00008e20                L2cSlaveInit
                0x00008e30                L2cDmConnUpdateReq
                0x00008eb4                L2cSlaveHandlerInit
                0x00008ec4                L2cSlaveHandler
 .text          0x00008ed8      0x4a4 ../../../../../third_party/exactle/projects/generic/stacklib/gcc/bin-cortex-m4/libstacklib.a(smp_main.o)
                0x00008f8c                smpCcbByHandle
                0x00008ff8                smpCcbByConnId
                0x00009008                smpCalcC1Part1
                0x000090b0                smpCalcC1Part2
                0x00009154                smpCalcS1
                0x00009190                smpGenerateLtk
                0x000091dc                smpSendPkt
                0x00009260                smpStateIdle
                0x0000926c                SmpDmMsgSend
                0x0000927c                SmpDmGetStk
                0x000092c8                SmpDmGetLtk
                0x000092e4                SmpHandlerInit
                0x0000932c                SmpHandler
                0x00009368                SmpDmEncryptInd
 .text          0x0000937c       0x1c ../../../../../third_party/exactle/projects/generic/stacklib/gcc/bin-cortex-m4/libstacklib.a(smpr_sm.o)
                0x0000937c                SmprInit
 .text          0x00009398      0x578 ../../../../../third_party/exactle/projects/generic/stacklib/gcc/bin-cortex-m4/libstacklib.a(smp_act.o)
                0x00009398                smpStartRspTimer
                0x000093a6                smpActNone
                0x000093a8                smpCleanup
                0x000093da                smpActCleanup
                0x000093de                smpSendPairingFailed
                0x00009400                smpActPairingFailed
                0x00009424                smpActPairingCancel
                0x0000943c                smpActStorePin
                0x00009464                smpActPairCnfCalc1
                0x00009486                smpActPairCnfCalc2
                0x00009490                smpActSendPairCnf
                0x000094dc                smpActPairCnfVerCalc1
                0x00009500                smpActPairCnfVerCalc2
                0x0000950a                smpSendKey
                0x00009650                smpProcRcvKey
                0x000096fa                smpActMaxAttempts
                0x00009720                smpActAttemptRcvd
                0x00009728                smpActCheckAttempts
                0x0000974a                smpActPairingCmpl
                0x0000977e                smpSmExecute
                0x000097c8                smpProcPairing
                0x000098bc                smpAuthReq
 .text          0x00009910      0x308 ../../../../../third_party/exactle/projects/generic/stacklib/gcc/bin-cortex-m4/libstacklib.a(smpr_act.o)
                0x00009910                smprActSendSecurityReq
                0x0000993a                smprActCheckSecurityReq
                0x00009946                smprActClearSecurityReq
                0x0000994e                smprActProcPairReq
                0x000099c0                smprActSendPairRsp
                0x00009a4c                smprActProcPairCnf
                0x00009a6c                smprActProcPairCnfCalc1
                0x00009a8e                smprActCnfVerify
                0x00009aec                smprActSendPairRandom
                0x00009b4e                smprActSendKey
                0x00009ba8                smprActSetupKeyDist
                0x00009bee                smprActRcvKey
 .text.memcmp   0x00009c18       0x68 c:/ambiqmicro/gcc/launchpadgcc/bin/../lib/gcc/arm-none-eabi/4.8.3/../../../../arm-none-eabi/lib/armv7e-m/softfp/libc.a(lib_a-memcmp.o)
                0x00009c18                memcmp
 .text          0x00009c80      0x134 c:/ambiqmicro/gcc/launchpadgcc/bin/../lib/gcc/arm-none-eabi/4.8.3/../../../../arm-none-eabi/lib/armv7e-m/softfp/libc.a(lib_a-memcpy.o)
                0x00009c80                memcpy
 .text.memmove  0x00009db4       0xc0 c:/ambiqmicro/gcc/launchpadgcc/bin/../lib/gcc/arm-none-eabi/4.8.3/../../../../arm-none-eabi/lib/armv7e-m/softfp/libc.a(lib_a-memmove.o)
                0x00009db4                memmove
 .text.memset   0x00009e74       0x94 c:/ambiqmicro/gcc/launchpadgcc/bin/../lib/gcc/arm-none-eabi/4.8.3/../../../../arm-none-eabi/lib/armv7e-m/softfp/libc.a(lib_a-memset.o)
                0x00009e74                memset
 *(.rodata*)
 .rodata.fitAdvCfg
                0x00009f08        0xc bin/fit_main.o
 .rodata.fitSlaveCfg
                0x00009f14        0x4 bin/fit_main.o
 .rodata.fitSecCfg
                0x00009f18        0x8 bin/fit_main.o
 .rodata.fitUpdateCfg
                0x00009f20       0x10 bin/fit_main.o
 .rodata.fitHrpsCfg
                0x00009f30        0x4 bin/fit_main.o
 .rodata.fitBasCfg
                0x00009f34        0x8 bin/fit_main.o
 .rodata.fitAdvDataDisc
                0x00009f3c       0x10 bin/fit_main.o
 .rodata.fitScanDataDisc
                0x00009f4c       0x10 bin/fit_main.o
 .rodata.fitCccSet
                0x00009f5c       0x14 bin/fit_main.o
 .rodata.g_pui8Da14581HciImage
                0x00009f70     0x4c04 bin/da14581_hci_image.o
                0x00009f70                g_pui8Da14581HciImage
 .rodata.hciLeEventMask
                0x0000eb74        0x8 bin/hci_core.o
                0x0000eb74                hciLeEventMask
 .rodata.hciEvtParseFcnTbl
                0x0000eb7c       0x58 bin/hci_evt.o
 .rodata.hciEvtCbackLen
                0x0000ebd4       0x18 bin/hci_evt.o
 .rodata.battValSvc
                0x0000ebec        0x4 bin/svc_batt.o
 .rodata.battLenSvc
                0x0000ebf0        0x2 bin/svc_batt.o
 *fill*         0x0000ebf2        0x2 
 .rodata.battValLvlCh
                0x0000ebf4        0x8 bin/svc_batt.o
 .rodata.battLenLvlCh
                0x0000ebfc        0x2 bin/svc_batt.o
 .rodata.battLenLvl
                0x0000ebfe        0x2 bin/svc_batt.o
 .rodata.battLenLvlChCcc
                0x0000ec00        0x2 bin/svc_batt.o
 *fill*         0x0000ec02        0x2 
 .rodata.battList
                0x0000ec04       0x40 bin/svc_batt.o
 .rodata.gapValSvc
                0x0000ec44        0x4 bin/svc_core.o
 .rodata.gapLenSvc
                0x0000ec48        0x2 bin/svc_core.o
 *fill*         0x0000ec4a        0x2 
 .rodata.gapValDnCh
                0x0000ec4c        0x8 bin/svc_core.o
 .rodata.gapLenDnCh
                0x0000ec54        0x2 bin/svc_core.o
 *fill*         0x0000ec56        0x2 
 .rodata.gapValApCh
                0x0000ec58        0x8 bin/svc_core.o
 .rodata.gapLenApCh
                0x0000ec60        0x2 bin/svc_core.o
 .rodata.gapLenAp
                0x0000ec62        0x2 bin/svc_core.o
 .rodata.gapList
                0x0000ec64       0x50 bin/svc_core.o
 .rodata.gattValSvc
                0x0000ecb4        0x4 bin/svc_core.o
 .rodata.gattLenSvc
                0x0000ecb8        0x2 bin/svc_core.o
 *fill*         0x0000ecba        0x2 
 .rodata.gattValScCh
                0x0000ecbc        0x8 bin/svc_core.o
 .rodata.gattLenScCh
                0x0000ecc4        0x2 bin/svc_core.o
 *fill*         0x0000ecc6        0x2 
 .rodata.gattValSc
                0x0000ecc8        0x4 bin/svc_core.o
 .rodata.gattLenSc
                0x0000eccc        0x2 bin/svc_core.o
 .rodata.gattLenScChCcc
                0x0000ecce        0x2 bin/svc_core.o
 .rodata.gattList
                0x0000ecd0       0x40 bin/svc_core.o
 .rodata.disValSvc
                0x0000ed10        0x4 bin/svc_dis.o
 .rodata.disLenSvc
                0x0000ed14        0x2 bin/svc_dis.o
 *fill*         0x0000ed16        0x2 
 .rodata.disValMfrCh
                0x0000ed18        0x8 bin/svc_dis.o
 .rodata.disLenMfrCh
                0x0000ed20        0x2 bin/svc_dis.o
 *fill*         0x0000ed22        0x2 
 .rodata.disUuMfr
                0x0000ed24        0x4 bin/svc_dis.o
 .rodata.disValMfr
                0x0000ed28       0x10 bin/svc_dis.o
 .rodata.disLenMfr
                0x0000ed38        0x2 bin/svc_dis.o
 *fill*         0x0000ed3a        0x2 
 .rodata.disValSidCh
                0x0000ed3c        0x8 bin/svc_dis.o
 .rodata.disLenSidCh
                0x0000ed44        0x2 bin/svc_dis.o
 *fill*         0x0000ed46        0x2 
 .rodata.disUuSid
                0x0000ed48        0x4 bin/svc_dis.o
 .rodata.disLenSid
                0x0000ed4c        0x2 bin/svc_dis.o
 *fill*         0x0000ed4e        0x2 
 .rodata.disValMnCh
                0x0000ed50        0x8 bin/svc_dis.o
 .rodata.disLenMnCh
                0x0000ed58        0x2 bin/svc_dis.o
 *fill*         0x0000ed5a        0x2 
 .rodata.disUuMn
                0x0000ed5c        0x4 bin/svc_dis.o
 .rodata.disValMn
                0x0000ed60       0x14 bin/svc_dis.o
 .rodata.disLenMn
                0x0000ed74        0x2 bin/svc_dis.o
 *fill*         0x0000ed76        0x2 
 .rodata.disValSnCh
                0x0000ed78        0x8 bin/svc_dis.o
 .rodata.disLenSnCh
                0x0000ed80        0x2 bin/svc_dis.o
 *fill*         0x0000ed82        0x2 
 .rodata.disUuSn
                0x0000ed84        0x4 bin/svc_dis.o
 .rodata.disValSn
                0x0000ed88       0x18 bin/svc_dis.o
 .rodata.disLenSn
                0x0000eda0        0x2 bin/svc_dis.o
 *fill*         0x0000eda2        0x2 
 .rodata.disValFwrCh
                0x0000eda4        0x8 bin/svc_dis.o
 .rodata.disLenFwrCh
                0x0000edac        0x2 bin/svc_dis.o
 *fill*         0x0000edae        0x2 
 .rodata.disUuFwr
                0x0000edb0        0x4 bin/svc_dis.o
 .rodata.disValFwr
                0x0000edb4       0x14 bin/svc_dis.o
 .rodata.disLenFwr
                0x0000edc8        0x2 bin/svc_dis.o
 *fill*         0x0000edca        0x2 
 .rodata.disValHwrCh
                0x0000edcc        0x8 bin/svc_dis.o
 .rodata.disLenHwrCh
                0x0000edd4        0x2 bin/svc_dis.o
 *fill*         0x0000edd6        0x2 
 .rodata.disUuHwr
                0x0000edd8        0x4 bin/svc_dis.o
 .rodata.disValHwr
                0x0000eddc       0x14 bin/svc_dis.o
 .rodata.disLenHwr
                0x0000edf0        0x2 bin/svc_dis.o
 *fill*         0x0000edf2        0x2 
 .rodata.disValSwrCh
                0x0000edf4        0x8 bin/svc_dis.o
 .rodata.disLenSwrCh
                0x0000edfc        0x2 bin/svc_dis.o
 *fill*         0x0000edfe        0x2 
 .rodata.disUuSwr
                0x0000ee00        0x4 bin/svc_dis.o
 .rodata.disValSwr
                0x0000ee04       0x14 bin/svc_dis.o
 .rodata.disLenSwr
                0x0000ee18        0x2 bin/svc_dis.o
 *fill*         0x0000ee1a        0x2 
 .rodata.disValRcdCh
                0x0000ee1c        0x8 bin/svc_dis.o
 .rodata.disLenRcdCh
                0x0000ee24        0x2 bin/svc_dis.o
 *fill*         0x0000ee26        0x2 
 .rodata.disUuRcd
                0x0000ee28        0x4 bin/svc_dis.o
 .rodata.disValRcd
                0x0000ee2c        0x8 bin/svc_dis.o
 .rodata.disLenRcd
                0x0000ee34        0x2 bin/svc_dis.o
 *fill*         0x0000ee36        0x2 
 .rodata.disList
                0x0000ee38      0x110 bin/svc_dis.o
 .rodata.svcHrmUuid
                0x0000ef48        0x4 bin/svc_hrs.o
 .rodata.svcSlUuid
                0x0000ef4c        0x4 bin/svc_hrs.o
 .rodata.svcCpUuid
                0x0000ef50        0x4 bin/svc_hrs.o
 .rodata.hrsValSvc
                0x0000ef54        0x4 bin/svc_hrs.o
 .rodata.hrsLenSvc
                0x0000ef58        0x2 bin/svc_hrs.o
 *fill*         0x0000ef5a        0x2 
 .rodata.hrsValHrmCh
                0x0000ef5c        0x8 bin/svc_hrs.o
 .rodata.hrsLenHrmCh
                0x0000ef64        0x2 bin/svc_hrs.o
 *fill*         0x0000ef66        0x2 
 .rodata.hrsValHrm
                0x0000ef68        0x4 bin/svc_hrs.o
 .rodata.hrsLenHrm
                0x0000ef6c        0x2 bin/svc_hrs.o
 .rodata.hrsLenHrmChCcc
                0x0000ef6e        0x2 bin/svc_hrs.o
 .rodata.hrsValSlCh
                0x0000ef70        0x8 bin/svc_hrs.o
 .rodata.hrsLenSlCh
                0x0000ef78        0x2 bin/svc_hrs.o
 .rodata.hrsLenSl
                0x0000ef7a        0x2 bin/svc_hrs.o
 .rodata.hrsValCpCh
                0x0000ef7c        0x8 bin/svc_hrs.o
 .rodata.hrsLenCpCh
                0x0000ef84        0x2 bin/svc_hrs.o
 *fill*         0x0000ef86        0x2 
 .rodata.hrsValCp
                0x0000ef88        0x4 bin/svc_hrs.o
 .rodata.hrsLenCp
                0x0000ef8c        0x2 bin/svc_hrs.o
 *fill*         0x0000ef8e        0x2 
 .rodata.hrsList
                0x0000ef90       0x80 bin/svc_hrs.o
 .rodata.attCfg
                0x0000f010        0x8 bin/cfg_stack.o
                0x0000f010                attCfg
 .rodata.smpCfg
                0x0000f018        0x8 bin/cfg_stack.o
                0x0000f018                smpCfg
 .rodata.calc128Zeros
                0x0000f020       0x10 bin/calc128.o
                0x0000f020                calc128Zeros
 .rodata.CSWTCH.2
                0x0000f030       0x20 ../../../../../mcu/apollo/hal/eclipse_gcc/bin/libam_hal.a(am_hal_clkgen.o)
 .rodata        0x0000f050       0x10 ../../../../../mcu/apollo/hal/eclipse_gcc/bin/libam_hal.a(am_hal_ctimer.o)
 .rodata.str1.4
                0x0000f060       0x2c ../../../../../mcu/apollo/hal/eclipse_gcc/bin/libam_hal.a(am_hal_ctimer.o)
 .rodata        0x0000f08c       0x10 ../../../../../third_party/exactle/projects/generic/stacklib/gcc/bin-cortex-m4/libstacklib.a(att_main.o)
                0x0000f08c                attFcnDefault
 .rodata        0x0000f09c       0xee ../../../../../third_party/exactle/projects/generic/stacklib/gcc/bin-cortex-m4/libstacklib.a(att_uuid.o)
                0x0000f09c                attWsfChUuid
                0x0000f09e                attWmChUuid
                0x0000f0a0                attWssSvcUuid
                0x0000f0a2                attRacpChUuid
                0x0000f0a4                attGlfChUuid
                0x0000f0a6                attPnpChUuid
                0x0000f0a8                attSiwChUuid
                0x0000f0aa                attHidPmChUuid
                0x0000f0ac                attHidRepChUuid
                0x0000f0ae                attHidcpChUuid
                0x0000f0b0                attHidRmChUuid
                0x0000f0b2                attHidiChUuid
                0x0000f0b4                attHidBkoChUuid
                0x0000f0b6                attHidBkiChUuid
                0x0000f0b8                attHidBmiChUuid
                0x0000f0ba                attBpfChUuid
                0x0000f0bc                attSuacChUuid
                0x0000f0be                attSnacChUuid
                0x0000f0c0                attNaChUuid
                0x0000f0c2                attUasChUuid
                0x0000f0c4                attAncpChUuid
                0x0000f0c6                attAcChUuid
                0x0000f0c8                attAcbmChUuid
                0x0000f0ca                attRsChUuid
                0x0000f0cc                attRcpChUuid
                0x0000f0ce                attAsChUuid
                0x0000f0d0                attNwaChUuid
                0x0000f0d2                attStrChUuid
                0x0000f0d4                attStcChUuid
                0x0000f0d6                attSrChUuid
                0x0000f0d8                attRemChUuid
                0x0000f0da                attHrcpChUuid
                0x0000f0dc                attBslChUuid
                0x0000f0de                attHrmChUuid
                0x0000f0e0                attIcpChUuid
                0x0000f0e2                attBpmChUuid
                0x0000f0e4                attGlmcChUuid
                0x0000f0e6                attHbmiChUuid
                0x0000f0e8                attVidChUuid
                0x0000f0ea                attP3dChUuid
                0x0000f0ec                attP2dChUuid
                0x0000f0ee                attLongChUuid
                0x0000f0f0                attLatChUuid
                0x0000f0f2                attElChUuid
                0x0000f0f4                attCtChUuid
                0x0000f0f6                attIeeeChUuid
                0x0000f0f8                attMfnsChUuid
                0x0000f0fa                attSrsChUuid
                0x0000f0fc                attHrsChUuid
                0x0000f0fe                attFrsChUuid
                0x0000f100                attSnsChUuid
                0x0000f102                attMnsChUuid
                0x0000f104                attSidChUuid
                0x0000f106                attTfahChUuid
                0x0000f108                attTcelChUuid
                0x0000f10a                attItChUuid
                0x0000f10c                attTtChUuid
                0x0000f10e                attTmChUuid
                0x0000f110                attBlsChUuid
                0x0000f112                attBpsChUuid
                0x0000f114                attBlChUuid
                0x0000f116                attGlmChUuid
                0x0000f118                attTusChUuid
                0x0000f11a                attTucpChUuid
                0x0000f11c                attTbChUuid
                0x0000f11e                attRtiChUuid
                0x0000f120                attTsChUuid
                0x0000f122                attTaChUuid
                0x0000f124                attTdstChUuid
                0x0000f126                attStzChUuid
                0x0000f128                attLtiChUuid
                0x0000f12a                attTzChUuid
                0x0000f12c                attDstoChUuid
                0x0000f12e                attEt256ChUuid
                0x0000f130                attEt100ChUuid
                0x0000f132                attDdtChUuid
                0x0000f134                attDwChUuid
                0x0000f136                attDtChUuid
                0x0000f138                attTxpChUuid
                0x0000f13a                attAlChUuid
                0x0000f13c                attScChUuid
                0x0000f13e                attPpcpChUuid
                0x0000f140                attRaChUuid
                0x0000f142                attPpfChUuid
                0x0000f144                attApChUuid
                0x0000f146                attDnChUuid
                0x0000f148                attHidRimUuid
                0x0000f14a                attHidErmUuid
                0x0000f14c                attValRangeUuid
                0x0000f14e                attAggFmtUuid
                0x0000f150                attChPresFmtUuid
                0x0000f152                attSrvChCfgUuid
                0x0000f154                attCliChCfgUuid
                0x0000f156                attChUserDescUuid
                0x0000f158                attChExtUuid
                0x0000f15a                attChUuid
                0x0000f15c                attIncUuid
                0x0000f15e                attSecSvcUuid
                0x0000f160                attPrimSvcUuid
                0x0000f162                attSpsSvcUuid
                0x0000f164                attHidSvcUuid
                0x0000f166                attAnsSvcUuid
                0x0000f168                attBpsSvcUuid
                0x0000f16a                attBasSvcUuid
                0x0000f16c                attPassSvcUuid
                0x0000f16e                attHrsSvcUuid
                0x0000f170                attWdsSvcUuid
                0x0000f172                attNwaSvcUuid
                0x0000f174                attDisSvcUuid
                0x0000f176                attHtsSvcUuid
                0x0000f178                attGlsSvcUuid
                0x0000f17a                attNdcsSvcUuid
                0x0000f17c                attRtusSvcUuid
                0x0000f17e                attCtsSvcUuid
                0x0000f180                attTpsSvcUuid
                0x0000f182                attLlsSvcUuid
                0x0000f184                attIasSvcUuid
                0x0000f186                attGattSvcUuid
                0x0000f188                attGapSvcUuid
 *fill*         0x0000f18a        0x2 
 .rodata        0x0000f18c       0x44 ../../../../../third_party/exactle/projects/generic/stacklib/gcc/bin-cortex-m4/libstacklib.a(attc_main.o)
 .rodata        0x0000f1d0       0x34 ../../../../../third_party/exactle/projects/generic/stacklib/gcc/bin-cortex-m4/libstacklib.a(attc_proc.o)
 .rodata        0x0000f204       0x10 ../../../../../third_party/exactle/projects/generic/stacklib/gcc/bin-cortex-m4/libstacklib.a(atts_ind.o)
 .rodata        0x0000f214       0x24 ../../../../../third_party/exactle/projects/generic/stacklib/gcc/bin-cortex-m4/libstacklib.a(atts_main.o)
 .rodata        0x0000f238        0x2 ../../../../../third_party/exactle/projects/generic/stacklib/gcc/bin-cortex-m4/libstacklib.a(atts_read.o)
 *fill*         0x0000f23a        0x2 
 .rodata        0x0000f23c       0x18 ../../../../../third_party/exactle/projects/generic/stacklib/gcc/bin-cortex-m4/libstacklib.a(dm_adv.o)
 .rodata        0x0000f254       0x3c ../../../../../third_party/exactle/projects/generic/stacklib/gcc/bin-cortex-m4/libstacklib.a(dm_conn.o)
 .rodata        0x0000f290       0x18 ../../../../../third_party/exactle/projects/generic/stacklib/gcc/bin-cortex-m4/libstacklib.a(dm_conn_slave.o)
 .rodata        0x0000f2a8       0x82 ../../../../../third_party/exactle/projects/generic/stacklib/gcc/bin-cortex-m4/libstacklib.a(dm_conn_sm.o)
 *fill*         0x0000f32a        0x2 
 .rodata        0x0000f32c        0xc ../../../../../third_party/exactle/projects/generic/stacklib/gcc/bin-cortex-m4/libstacklib.a(dm_dev.o)
                0x0000f32c                dmDevFcnIf
 .rodata        0x0000f338       0x20 ../../../../../third_party/exactle/projects/generic/stacklib/gcc/bin-cortex-m4/libstacklib.a(dm_main.o)
 .rodata        0x0000f358       0x18 ../../../../../third_party/exactle/projects/generic/stacklib/gcc/bin-cortex-m4/libstacklib.a(dm_scan.o)
 .rodata        0x0000f370        0xc ../../../../../third_party/exactle/projects/generic/stacklib/gcc/bin-cortex-m4/libstacklib.a(dm_sec.o)
 .rodata        0x0000f37c        0xf ../../../../../third_party/exactle/projects/generic/stacklib/gcc/bin-cortex-m4/libstacklib.a(smp_main.o)
                0x0000f37c                smpPktLenTbl
 *fill*         0x0000f38b        0x1 
 .rodata        0x0000f38c      0x144 ../../../../../third_party/exactle/projects/generic/stacklib/gcc/bin-cortex-m4/libstacklib.a(smpr_sm.o)
                0x0000f38c                smprSmIf
                0x0000f398                smprStateTbl
                0x0000f4d0                _etext = .

.glue_7         0x0000f4d0        0x0
 .glue_7        0x00000000        0x0 linker stubs

.glue_7t        0x0000f4d0        0x0
 .glue_7t       0x00000000        0x0 linker stubs

.vfp11_veneer   0x0000f4d0        0x0
 .vfp11_veneer  0x00000000        0x0 linker stubs

.v4_bx          0x0000f4d0        0x0
 .v4_bx         0x00000000        0x0 linker stubs

.iplt           0x0000f4d0        0x0
 .iplt          0x00000000        0x0 bin/app_disc.o

.rel.dyn        0x0000f4d0        0x0
 .rel.iplt      0x00000000        0x0 bin/app_disc.o

.stack          0x10000000      0x200
 *(.stack*)
 .stack         0x10000000      0x200 bin/startup_gcc.o

.data           0x10000200      0x120 load address 0x0000f4d0
                0x10000200                _data = .
 *(vtable)
 *(.data*)
 .data.pAppDbNewRec
                0x10000200        0x4 bin/app_db.o
 .data.appHwBattLevel
                0x10000204        0x1 bin/app_hw.o
 .data.appHwHeartRate
                0x10000205        0x1 bin/app_hw.o
 .data.heartRate.5921
                0x10000206        0x1 bin/fit_main.o
 *fill*         0x10000207        0x1 
 .data.svcBattGroup
                0x10000208       0x14 bin/svc_batt.o
 .data.gapValDn
                0x1000021c       0x14 bin/svc_core.o
 .data.gapLenDn
                0x10000230        0x2 bin/svc_core.o
 *fill*         0x10000232        0x2 
 .data.svcGapGroup
                0x10000234       0x14 bin/svc_core.o
 .data.svcGattGroup
                0x10000248       0x14 bin/svc_core.o
 .data.disValSid
                0x1000025c        0x8 bin/svc_dis.o
 .data.svcDisGroup
                0x10000264       0x14 bin/svc_dis.o
 .data.hrsValSl
                0x10000278        0x4 bin/svc_hrs.o
 .data.svcHrsGroup
                0x1000027c       0x14 bin/svc_hrs.o
 .data.pAttCfg  0x10000290        0x4 bin/cfg_stack.o
                0x10000290                pAttCfg
 .data.pSmpCfg  0x10000294        0x4 bin/cfg_stack.o
                0x10000294                pSmpCfg
 .data.g_psPoolDescriptors
                0x10000298       0x10 bin/exactle_fit.o
 .data          0x100002a8       0x10 ../../../../../third_party/exactle/projects/generic/stacklib/gcc/bin-cortex-m4/libstacklib.a(att_main.o)
 .data          0x100002b8       0x44 ../../../../../third_party/exactle/projects/generic/stacklib/gcc/bin-cortex-m4/libstacklib.a(atts_main.o)
                0x100002b8                attsProcFcnTbl
 .data          0x100002fc       0x24 ../../../../../third_party/exactle/projects/generic/stacklib/gcc/bin-cortex-m4/libstacklib.a(dm_main.o)
                0x100002fc                dmFcnIfTbl
                0x10000320                _edata = .
                0x10000320                . = ALIGN (0x4)

.igot.plt       0x10000320        0x0 load address 0x0000f5f0
 .igot.plt      0x00000000        0x0 bin/app_disc.o

.bss            0x10000320      0xb60 load address 0x0000f5f0
                0x10000320                _bss = .
 *(.bss*)
 .bss.appSlaveCb
                0x10000320       0x2c bin/app_slave.o
 .bss.appDb     0x1000034c      0x198 bin/app_db.o
 .bss.appHwRrInterval
                0x100004e4        0x4 bin/app_hw.o
 .bss.appUiBtn  0x100004e8        0x4 bin/app_ui.o
 .bss.g_ui8Paused
                0x100004ec        0x1 bin/hci_drv.o
                0x100004ec                g_ui8Paused
 *fill*         0x100004ed        0x3 
 .bss.hciEvtStats
                0x100004f0       0x18 bin/hci_evt.o
 .bss.g_bHCIReceivingPacket
                0x10000508        0x1 bin/hci_tr.o
 .bss.stateRx.4493
                0x10000509        0x1 bin/hci_tr.o
 .bss.pktIndRx.4494
                0x1000050a        0x1 bin/hci_tr.o
 *fill*         0x1000050b        0x1 
 .bss.iRx.4495  0x1000050c        0x2 bin/hci_tr.o
 *fill*         0x1000050e        0x2 
 .bss.hdrRx.4496
                0x10000510        0x4 bin/hci_tr.o
 .bss.pPktRx.4497
                0x10000514        0x4 bin/hci_tr.o
 .bss.pDataRx.4498
                0x10000518        0x4 bin/hci_tr.o
 .bss.randCnt.4728
                0x1000051c        0x1 bin/hci_vs.o
 *fill*         0x1000051d        0x3 
 .bss.basCb     0x10000520       0x28 bin/bas_main.o
 .bss.hrpsCb    0x10000548       0x2c bin/hrps_main.o
 .bss.battValLvl
                0x10000574        0x4 bin/svc_batt.o
 .bss.battValLvlChCcc
                0x10000578        0x4 bin/svc_batt.o
 .bss.gapValAp  0x1000057c        0x4 bin/svc_core.o
 .bss.gattValScChCcc
                0x10000580        0x4 bin/svc_core.o
 .bss.hrsValHrmChCcc
                0x10000584        0x4 bin/svc_hrs.o
 .bss.csNesting
                0x10000588        0x1 bin/wsf_os.o
                0x10000588                csNesting
 *fill*         0x10000589        0x3 
 .bss.wsfBufMem
                0x1000058c        0x4 bin/wsf_buf.o
                0x1000058c                wsfBufMem
 .bss.g_pui32BufMem
                0x10000590      0x400 bin/exactle_fit.o
 .bss.g_ui32LastTime
                0x10000990        0x4 bin/exactle_fit.o
                0x10000990                g_ui32LastTime
 .bss           0x10000994       0x74 ../../../../../third_party/exactle/projects/generic/stacklib/gcc/bin-cortex-m4/libstacklib.a(att_main.o)
                0x10000994                attCb
 .bss           0x10000a08       0xac ../../../../../third_party/exactle/projects/generic/stacklib/gcc/bin-cortex-m4/libstacklib.a(attc_main.o)
                0x10000a08                attcCb
 .bss           0x10000ab4       0x18 ../../../../../third_party/exactle/projects/generic/stacklib/gcc/bin-cortex-m4/libstacklib.a(atts_ccc.o)
 .bss           0x10000acc       0x48 ../../../../../third_party/exactle/projects/generic/stacklib/gcc/bin-cortex-m4/libstacklib.a(atts_ind.o)
                0x10000acc                attsIndCb
 .bss           0x10000b14       0x18 ../../../../../third_party/exactle/projects/generic/stacklib/gcc/bin-cortex-m4/libstacklib.a(atts_main.o)
                0x10000b14                attsCb
 .bss           0x10000b2c       0x18 ../../../../../third_party/exactle/projects/generic/stacklib/gcc/bin-cortex-m4/libstacklib.a(dm_adv.o)
 .bss           0x10000b44       0x74 ../../../../../third_party/exactle/projects/generic/stacklib/gcc/bin-cortex-m4/libstacklib.a(dm_conn.o)
                0x10000b44                dmConnCb
 .bss           0x10000bb8        0xc ../../../../../third_party/exactle/projects/generic/stacklib/gcc/bin-cortex-m4/libstacklib.a(dm_conn_sm.o)
                0x10000bb8                dmConnActSet
 .bss           0x10000bc4       0x14 ../../../../../third_party/exactle/projects/generic/stacklib/gcc/bin-cortex-m4/libstacklib.a(dm_main.o)
                0x10000bc4                dmCb
 .bss           0x10000bd8       0x18 ../../../../../third_party/exactle/projects/generic/stacklib/gcc/bin-cortex-m4/libstacklib.a(dm_scan.o)
                0x10000bd8                dmScanCb
 .bss           0x10000bf0        0x8 ../../../../../third_party/exactle/projects/generic/stacklib/gcc/bin-cortex-m4/libstacklib.a(dm_sec.o)
                0x10000bf0                dmSecCb
 .bss           0x10000bf8       0x28 ../../../../../third_party/exactle/projects/generic/stacklib/gcc/bin-cortex-m4/libstacklib.a(l2c_main.o)
                0x10000bf8                l2cCb
 .bss           0x10000c20       0x14 ../../../../../third_party/exactle/projects/generic/stacklib/gcc/bin-cortex-m4/libstacklib.a(l2c_slave.o)
 .bss           0x10000c34       0xc0 ../../../../../third_party/exactle/projects/generic/stacklib/gcc/bin-cortex-m4/libstacklib.a(smp_main.o)
                0x10000c34                smpCb
 *(COMMON)
 COMMON         0x10000cf4       0x54 bin/app_main.o
                0x10000cf4                pAppMasterCfg
                0x10000cf8                pAppUpdateCfg
                0x10000cfc                pAppSlaveCfg
                0x10000d00                appCb
                0x10000d08                pAppDiscCfg
                0x10000d0c                appHandlerId
                0x10000d10                pAppSecCfg
                0x10000d14                pAppAdvCfg
                0x10000d18                appConnCb
 COMMON         0x10000d48        0x1 bin/fit_main.o
                0x10000d48                fitHandlerId
 *fill*         0x10000d49        0x3 
 COMMON         0x10000d4c       0x1c bin/hci_cmd.o
                0x10000d4c                hciCmdCb
 COMMON         0x10000d68       0x7c bin/hci_core.o
                0x10000d68                hciCoreCb
 COMMON         0x10000de4       0x1c bin/hci_main.o
                0x10000de4                hciCb
 COMMON         0x10000e00       0x3c bin/wsf_os.o
                0x10000e00                wsfOs
 COMMON         0x10000e3c        0x3 bin/wsf_buf.o
                0x10000e3c                wsfBufMemLen
                0x10000e3e                wsfBufNumPools
 *fill*         0x10000e3f        0x1 
 COMMON         0x10000e40       0x38 bin/wsf_sec.o
                0x10000e40                wsfSecCb
 COMMON         0x10000e78        0x8 bin/wsf_timer.o
                0x10000e78                wsfTimerTimerQueue
                0x10000e80                _ebss = .
LOAD bin/app_disc.o
LOAD bin/app_main.o
LOAD bin/app_master.o
LOAD bin/app_server.o
LOAD bin/app_slave.o
LOAD bin/app_db.o
LOAD bin/app_hw.o
LOAD bin/app_ui.o
LOAD bin/fit_main.o
LOAD bin/da14581_hci_image.o
LOAD bin/hci_cmd.o
LOAD bin/hci_core.o
LOAD bin/hci_core_ps.o
LOAD bin/hci_drv.o
LOAD bin/hci_evt.o
LOAD bin/hci_tr.o
LOAD bin/hci_vs.o
LOAD bin/bas_main.o
LOAD bin/hrps_main.o
LOAD bin/svc_batt.o
LOAD bin/svc_bps.o
LOAD bin/svc_core.o
LOAD bin/svc_dis.o
LOAD bin/svc_gls.o
LOAD bin/svc_hidg.o
LOAD bin/svc_hidkb.o
LOAD bin/svc_hidm.o
LOAD bin/svc_hrs.o
LOAD bin/svc_hts.o
LOAD bin/svc_px.o
LOAD bin/svc_wp.o
LOAD bin/svc_wss.o
LOAD bin/cfg_stack.o
LOAD bin/hci_main.o
LOAD bin/bda.o
LOAD bin/bstream.o
LOAD bin/calc128.o
LOAD bin/crc32.o
LOAD bin/wstr.o
LOAD bin/wsf_assert.o
LOAD bin/wsf_math.o
LOAD bin/wsf_os.o
LOAD bin/wsf_trace.o
LOAD bin/wsf_buf.o
LOAD bin/wsf_efs.o
LOAD bin/wsf_msg.o
LOAD bin/wsf_queue.o
LOAD bin/wsf_sec.o
LOAD bin/wsf_sec_aes.o
LOAD bin/wsf_sec_cmac.o
LOAD bin/wsf_sec_ecc_debug.o
LOAD bin/wsf_timer.o
LOAD bin/exactle_fit.o
LOAD bin/am_util_delay.o
LOAD bin/am_util_faultisr.o
LOAD bin/am_util_stdio.o
LOAD bin/am_devices_adxl362.o
LOAD bin/am_devices_da14581.o
LOAD bin/am_devices_led.o
LOAD bin/startup_gcc.o
LOAD ../../../bsp/eclipse_gcc/bin/libam_bsp.a
LOAD ../../../../../mcu/apollo/hal/eclipse_gcc/bin/libam_hal.a
LOAD ../../../../../third_party/exactle/projects/generic/stacklib/gcc/bin-cortex-m4/libstacklib.a
LOAD c:/ambiqmicro/gcc/launchpadgcc/bin/../lib/gcc/arm-none-eabi/4.8.3/../../../../arm-none-eabi/lib/armv7e-m/softfp/libm.a
LOAD c:/ambiqmicro/gcc/launchpadgcc/bin/../lib/gcc/arm-none-eabi/4.8.3/../../../../arm-none-eabi/lib/armv7e-m/softfp/libc.a
LOAD c:/ambiqmicro/gcc/launchpadgcc/bin/../lib/gcc/arm-none-eabi/4.8.3/armv7e-m/softfp/libgcc.a
OUTPUT(bin/exactle_fit.axf elf32-littlearm)

.debug_info     0x00000000    0x10a54
 .debug_info    0x00000000      0x726 bin/app_main.o
 .debug_info    0x00000726      0x93c bin/app_server.o
 .debug_info    0x00001062     0x132c bin/app_slave.o
 .debug_info    0x0000238e      0x7e5 bin/app_db.o
 .debug_info    0x00002b73      0x5ed bin/app_hw.o
 .debug_info    0x00003160      0x31f bin/app_ui.o
 .debug_info    0x0000347f     0x1136 bin/fit_main.o
 .debug_info    0x000045b5       0xa8 bin/da14581_hci_image.o
 .debug_info    0x0000465d     0x1576 bin/hci_cmd.o
 .debug_info    0x00005bd3      0xee6 bin/hci_core.o
 .debug_info    0x00006ab9      0xc54 bin/hci_core_ps.o
 .debug_info    0x0000770d      0x31b bin/hci_drv.o
 .debug_info    0x00007a28     0x1155 bin/hci_evt.o
 .debug_info    0x00008b7d      0x263 bin/hci_tr.o
 .debug_info    0x00008de0      0xbe6 bin/hci_vs.o
 .debug_info    0x000099c6      0xea0 bin/bas_main.o
 .debug_info    0x0000a866      0xf98 bin/hrps_main.o
 .debug_info    0x0000b7fe      0x3be bin/svc_batt.o
 .debug_info    0x0000bbbc      0x53f bin/svc_core.o
 .debug_info    0x0000c0fb      0x6b8 bin/svc_dis.o
 .debug_info    0x0000c7b3      0x49e bin/svc_hrs.o
 .debug_info    0x0000cc51      0x24f bin/cfg_stack.o
 .debug_info    0x0000cea0      0xa11 bin/hci_main.o
 .debug_info    0x0000d8b1      0x1bb bin/bda.o
 .debug_info    0x0000da6c      0x15e bin/calc128.o
 .debug_info    0x0000dbca      0x438 bin/wsf_os.o
 .debug_info    0x0000e002      0x319 bin/wsf_buf.o
 .debug_info    0x0000e31b      0x275 bin/wsf_msg.o
 .debug_info    0x0000e590      0x29e bin/wsf_queue.o
 .debug_info    0x0000e82e      0xa47 bin/wsf_sec.o
 .debug_info    0x0000f275      0xa6c bin/wsf_sec_aes.o
 .debug_info    0x0000fce1      0x390 bin/wsf_timer.o
 .debug_info    0x00010071      0x29f bin/exactle_fit.o
 .debug_info    0x00010310      0x105 bin/am_util_delay.o
 .debug_info    0x00010415      0x208 bin/am_util_faultisr.o
 .debug_info    0x0001061d      0x31b bin/am_devices_da14581.o
 .debug_info    0x00010938      0x11c bin/startup_gcc.o

.debug_abbrev   0x00000000     0x3310
 .debug_abbrev  0x00000000      0x1d1 bin/app_main.o
 .debug_abbrev  0x000001d1      0x156 bin/app_server.o
 .debug_abbrev  0x00000327      0x297 bin/app_slave.o
 .debug_abbrev  0x000005be      0x27d bin/app_db.o
 .debug_abbrev  0x0000083b      0x103 bin/app_hw.o
 .debug_abbrev  0x0000093e      0x102 bin/app_ui.o
 .debug_abbrev  0x00000a40      0x1f6 bin/fit_main.o
 .debug_abbrev  0x00000c36       0x5d bin/da14581_hci_image.o
 .debug_abbrev  0x00000c93      0x21e bin/hci_cmd.o
 .debug_abbrev  0x00000eb1      0x26d bin/hci_core.o
 .debug_abbrev  0x0000111e      0x188 bin/hci_core_ps.o
 .debug_abbrev  0x000012a6      0x17f bin/hci_drv.o
 .debug_abbrev  0x00001425      0x222 bin/hci_evt.o
 .debug_abbrev  0x00001647       0xef bin/hci_tr.o
 .debug_abbrev  0x00001736      0x1af bin/hci_vs.o
 .debug_abbrev  0x000018e5      0x248 bin/bas_main.o
 .debug_abbrev  0x00001b2d      0x23d bin/hrps_main.o
 .debug_abbrev  0x00001d6a      0x11a bin/svc_batt.o
 .debug_abbrev  0x00001e84      0x11a bin/svc_core.o
 .debug_abbrev  0x00001f9e      0x100 bin/svc_dis.o
 .debug_abbrev  0x0000209e      0x11a bin/svc_hrs.o
 .debug_abbrev  0x000021b8       0xa8 bin/cfg_stack.o
 .debug_abbrev  0x00002260      0x147 bin/hci_main.o
 .debug_abbrev  0x000023a7       0xdf bin/bda.o
 .debug_abbrev  0x00002486       0xbc bin/calc128.o
 .debug_abbrev  0x00002542      0x18a bin/wsf_os.o
 .debug_abbrev  0x000026cc      0x183 bin/wsf_buf.o
 .debug_abbrev  0x0000284f       0xfe bin/wsf_msg.o
 .debug_abbrev  0x0000294d      0x11a bin/wsf_queue.o
 .debug_abbrev  0x00002a67      0x191 bin/wsf_sec.o
 .debug_abbrev  0x00002bf8      0x186 bin/wsf_sec_aes.o
 .debug_abbrev  0x00002d7e      0x143 bin/wsf_timer.o
 .debug_abbrev  0x00002ec1      0x110 bin/exactle_fit.o
 .debug_abbrev  0x00002fd1       0xa1 bin/am_util_delay.o
 .debug_abbrev  0x00003072       0xc8 bin/am_util_faultisr.o
 .debug_abbrev  0x0000313a      0x10e bin/am_devices_da14581.o
 .debug_abbrev  0x00003248       0xc8 bin/startup_gcc.o

.debug_aranges  0x00000000      0xd98
 .debug_aranges
                0x00000000       0x68 bin/app_main.o
 .debug_aranges
                0x00000068       0x20 bin/app_server.o
 .debug_aranges
                0x00000088      0x100 bin/app_slave.o
 .debug_aranges
                0x00000188       0xb0 bin/app_db.o
 .debug_aranges
                0x00000238       0x60 bin/app_hw.o
 .debug_aranges
                0x00000298       0x68 bin/app_ui.o
 .debug_aranges
                0x00000300       0x70 bin/fit_main.o
 .debug_aranges
                0x00000370       0x18 bin/da14581_hci_image.o
 .debug_aranges
                0x00000388      0x170 bin/hci_cmd.o
 .debug_aranges
                0x000004f8       0xa0 bin/hci_core.o
 .debug_aranges
                0x00000598       0x70 bin/hci_core_ps.o
 .debug_aranges
                0x00000608       0x70 bin/hci_drv.o
 .debug_aranges
                0x00000678       0xe8 bin/hci_evt.o
 .debug_aranges
                0x00000760       0x38 bin/hci_tr.o
 .debug_aranges
                0x00000798       0x48 bin/hci_vs.o
 .debug_aranges
                0x000007e0       0x80 bin/bas_main.o
 .debug_aranges
                0x00000860       0x88 bin/hrps_main.o
 .debug_aranges
                0x000008e8       0x30 bin/svc_batt.o
 .debug_aranges
                0x00000918       0x38 bin/svc_core.o
 .debug_aranges
                0x00000950       0x28 bin/svc_dis.o
 .debug_aranges
                0x00000978       0x30 bin/svc_hrs.o
 .debug_aranges
                0x000009a8       0x18 bin/cfg_stack.o
 .debug_aranges
                0x000009c0       0x40 bin/hci_main.o
 .debug_aranges
                0x00000a00       0x38 bin/bda.o
 .debug_aranges
                0x00000a38       0x30 bin/calc128.o
 .debug_aranges
                0x00000a68       0x68 bin/wsf_os.o
 .debug_aranges
                0x00000ad0       0x48 bin/wsf_buf.o
 .debug_aranges
                0x00000b18       0x48 bin/wsf_msg.o
 .debug_aranges
                0x00000b60       0x50 bin/wsf_queue.o
 .debug_aranges
                0x00000bb0       0x38 bin/wsf_sec.o
 .debug_aranges
                0x00000be8       0x30 bin/wsf_sec_aes.o
 .debug_aranges
                0x00000c18       0x60 bin/wsf_timer.o
 .debug_aranges
                0x00000c78       0x50 bin/exactle_fit.o
 .debug_aranges
                0x00000cc8       0x30 bin/am_util_delay.o
 .debug_aranges
                0x00000cf8       0x30 bin/am_util_faultisr.o
 .debug_aranges
                0x00000d28       0x38 bin/am_devices_da14581.o
 .debug_aranges
                0x00000d60       0x38 bin/startup_gcc.o

.debug_ranges   0x00000000      0xb38
 .debug_ranges  0x00000000       0x58 bin/app_main.o
 .debug_ranges  0x00000058       0x10 bin/app_server.o
 .debug_ranges  0x00000068       0xf0 bin/app_slave.o
 .debug_ranges  0x00000158       0xa0 bin/app_db.o
 .debug_ranges  0x000001f8       0x50 bin/app_hw.o
 .debug_ranges  0x00000248       0x58 bin/app_ui.o
 .debug_ranges  0x000002a0       0x60 bin/fit_main.o
 .debug_ranges  0x00000300      0x160 bin/hci_cmd.o
 .debug_ranges  0x00000460       0x90 bin/hci_core.o
 .debug_ranges  0x000004f0       0x60 bin/hci_core_ps.o
 .debug_ranges  0x00000550       0x60 bin/hci_drv.o
 .debug_ranges  0x000005b0       0xd8 bin/hci_evt.o
 .debug_ranges  0x00000688       0x28 bin/hci_tr.o
 .debug_ranges  0x000006b0       0x38 bin/hci_vs.o
 .debug_ranges  0x000006e8       0x70 bin/bas_main.o
 .debug_ranges  0x00000758       0x78 bin/hrps_main.o
 .debug_ranges  0x000007d0       0x20 bin/svc_batt.o
 .debug_ranges  0x000007f0       0x28 bin/svc_core.o
 .debug_ranges  0x00000818       0x18 bin/svc_dis.o
 .debug_ranges  0x00000830       0x20 bin/svc_hrs.o
 .debug_ranges  0x00000850       0x30 bin/hci_main.o
 .debug_ranges  0x00000880       0x28 bin/bda.o
 .debug_ranges  0x000008a8       0x20 bin/calc128.o
 .debug_ranges  0x000008c8       0x58 bin/wsf_os.o
 .debug_ranges  0x00000920       0x38 bin/wsf_buf.o
 .debug_ranges  0x00000958       0x38 bin/wsf_msg.o
 .debug_ranges  0x00000990       0x40 bin/wsf_queue.o