Archive member included because of file (symbol)

../../../bsp/eclipse_gcc/bin/libam_bsp.a(am_bsp.o)
                              bin/hello_world.o (am_bsp_low_power_init)
../../../../../mcu/apollo/hal/eclipse_gcc/bin/libam_hal.a(am_hal_clkgen.o)
                              bin/hello_world.o (am_hal_clkgen_sysclk_select)
../../../../../mcu/apollo/hal/eclipse_gcc/bin/libam_hal.a(am_hal_global.o)
                              ../../../bsp/eclipse_gcc/bin/libam_bsp.a(am_bsp.o) (g_ui32HALflags)
../../../../../mcu/apollo/hal/eclipse_gcc/bin/libam_hal.a(am_hal_itm.o)
                              bin/hello_world.o (am_hal_itm_enable)
../../../../../mcu/apollo/hal/eclipse_gcc/bin/libam_hal.a(am_hal_mcuctrl.o)
                              bin/hello_world.o (am_hal_mcuctrl_device_info_get)
../../../../../mcu/apollo/hal/eclipse_gcc/bin/libam_hal.a(am_hal_rtc.o)
                              ../../../bsp/eclipse_gcc/bin/libam_bsp.a(am_bsp.o) (am_hal_rtc_osc_select)
../../../../../mcu/apollo/hal/eclipse_gcc/bin/libam_hal.a(am_hal_sysctrl.o)
                              bin/hello_world.o (am_hal_sysctrl_sleep)
../../../../../mcu/apollo/hal/eclipse_gcc/bin/libam_hal.a(am_hal_tpiu.o)
                              ../../../bsp/eclipse_gcc/bin/libam_bsp.a(am_bsp.o) (am_hal_tpiu_enable)
../../../../../mcu/apollo/hal/eclipse_gcc/bin/libam_hal.a(am_hal_vcomp.o)
                              ../../../bsp/eclipse_gcc/bin/libam_bsp.a(am_bsp.o) (am_hal_vcomp_disable)
c:/ambiqmicro/gcc/launchpadgcc/bin/../lib/gcc/arm-none-eabi/4.8.3/armv7e-m/softfp/libgcc.a(_arm_truncdfsf2.o)
                              bin/am_util_stdio.o (__aeabi_d2f)

Allocating common symbols
Common symbol       size              file

g_pfnCharPrint      0x4               bin/am_util_stdio.o

Discarded input sections

 .text          0x00000000        0x0 bin/hello_world.o
 .data          0x00000000        0x0 bin/hello_world.o
 .bss           0x00000000        0x0 bin/hello_world.o
 .text          0x00000000        0x0 bin/am_util_faultisr.o
 .data          0x00000000        0x0 bin/am_util_faultisr.o
 .bss           0x00000000        0x0 bin/am_util_faultisr.o
 .text          0x00000000        0x0 bin/am_util_stdio.o
 .data          0x00000000        0x0 bin/am_util_stdio.o
 .bss           0x00000000        0x0 bin/am_util_stdio.o
 .text.am_util_stdio_strtoul
                0x00000000      0x108 bin/am_util_stdio.o
 .text.am_util_stdio_textmode_set
                0x00000000       0x28 bin/am_util_stdio.o
 .text.am_util_stdio_sprintf
                0x00000000       0x2c bin/am_util_stdio.o
 .text          0x00000000        0x0 bin/startup_gcc.o
 .data          0x00000000        0x0 bin/startup_gcc.o
 .bss           0x00000000        0x0 bin/startup_gcc.o
 .text.am_fault_isr
                0x00000000        0x8 bin/startup_gcc.o
 .text          0x00000000        0x0 ../../../bsp/eclipse_gcc/bin/libam_bsp.a(am_bsp.o)
 .data          0x00000000        0x0 ../../../bsp/eclipse_gcc/bin/libam_bsp.a(am_bsp.o)
 .bss           0x00000000        0x0 ../../../bsp/eclipse_gcc/bin/libam_bsp.a(am_bsp.o)
 .text.am_bsp_iom_spi_pins_enable
                0x00000000       0x6c ../../../bsp/eclipse_gcc/bin/libam_bsp.a(am_bsp.o)
 .text.am_bsp_iom_spi_pins_disable
                0x00000000       0x6c ../../../bsp/eclipse_gcc/bin/libam_bsp.a(am_bsp.o)
 .text.am_bsp_iom_i2c_pins_enable
                0x00000000       0x58 ../../../bsp/eclipse_gcc/bin/libam_bsp.a(am_bsp.o)
 .text.am_bsp_iom_i2c_pins_disable
                0x00000000       0x50 ../../../bsp/eclipse_gcc/bin/libam_bsp.a(am_bsp.o)
 .data.am_bsp_psButtons
                0x00000000       0x30 ../../../bsp/eclipse_gcc/bin/libam_bsp.a(am_bsp.o)
 .data.am_bsp_psLEDs
                0x00000000       0x20 ../../../bsp/eclipse_gcc/bin/libam_bsp.a(am_bsp.o)
 .text          0x00000000        0x0 ../../../../../mcu/apollo/hal/eclipse_gcc/bin/libam_hal.a(am_hal_clkgen.o)
 .data          0x00000000        0x0 ../../../../../mcu/apollo/hal/eclipse_gcc/bin/libam_hal.a(am_hal_clkgen.o)
 .bss           0x00000000        0x0 ../../../../../mcu/apollo/hal/eclipse_gcc/bin/libam_hal.a(am_hal_clkgen.o)
 .text.am_hal_clkgen_int_enable
                0x00000000       0x10 ../../../../../mcu/apollo/hal/eclipse_gcc/bin/libam_hal.a(am_hal_clkgen.o)
 .text.am_hal_clkgen_int_enable_get
                0x00000000        0xc ../../../../../mcu/apollo/hal/eclipse_gcc/bin/libam_hal.a(am_hal_clkgen.o)
 .text.am_hal_clkgen_int_disable
                0x00000000       0x10 ../../../../../mcu/apollo/hal/eclipse_gcc/bin/libam_hal.a(am_hal_clkgen.o)
 .text.am_hal_clkgen_int_set
                0x00000000        0xc ../../../../../mcu/apollo/hal/eclipse_gcc/bin/libam_hal.a(am_hal_clkgen.o)
 .text.am_hal_clkgen_int_status_get
                0x00000000       0x1c ../../../../../mcu/apollo/hal/eclipse_gcc/bin/libam_hal.a(am_hal_clkgen.o)
 .text.am_hal_clkgen_int_clear
                0x00000000        0xc ../../../../../mcu/apollo/hal/eclipse_gcc/bin/libam_hal.a(am_hal_clkgen.o)
 .text.am_hal_clkgen_osc_start
                0x00000000       0x10 ../../../../../mcu/apollo/hal/eclipse_gcc/bin/libam_hal.a(am_hal_clkgen.o)
 .text.am_hal_clkgen_clkout_enable
                0x00000000       0x10 ../../../../../mcu/apollo/hal/eclipse_gcc/bin/libam_hal.a(am_hal_clkgen.o)
 .text.am_hal_clkgen_clkout_disable
                0x00000000        0xc ../../../../../mcu/apollo/hal/eclipse_gcc/bin/libam_hal.a(am_hal_clkgen.o)
 .text.am_hal_clkgen_hfrc_adjust_enable
                0x00000000       0x14 ../../../../../mcu/apollo/hal/eclipse_gcc/bin/libam_hal.a(am_hal_clkgen.o)
 .text.am_hal_clkgen_hfrc_adjust_disable
                0x00000000       0x10 ../../../../../mcu/apollo/hal/eclipse_gcc/bin/libam_hal.a(am_hal_clkgen.o)
 .text          0x00000000        0x0 ../../../../../mcu/apollo/hal/eclipse_gcc/bin/libam_hal.a(am_hal_global.o)
 .data          0x00000000        0x0 ../../../../../mcu/apollo/hal/eclipse_gcc/bin/libam_hal.a(am_hal_global.o)
 .bss           0x00000000        0x0 ../../../../../mcu/apollo/hal/eclipse_gcc/bin/libam_hal.a(am_hal_global.o)
 .text          0x00000000        0x0 ../../../../../mcu/apollo/hal/eclipse_gcc/bin/libam_hal.a(am_hal_itm.o)
 .data          0x00000000        0x0 ../../../../../mcu/apollo/hal/eclipse_gcc/bin/libam_hal.a(am_hal_itm.o)
 .bss           0x00000000        0x0 ../../../../../mcu/apollo/hal/eclipse_gcc/bin/libam_hal.a(am_hal_itm.o)
 .text.am_hal_itm_disable
                0x00000000       0x5c ../../../../../mcu/apollo/hal/eclipse_gcc/bin/libam_hal.a(am_hal_itm.o)
 .text.am_hal_itm_trace_port_enable
                0x00000000       0x14 ../../../../../mcu/apollo/hal/eclipse_gcc/bin/libam_hal.a(am_hal_itm.o)
 .text.am_hal_itm_trace_port_disable
                0x00000000       0x18 ../../../../../mcu/apollo/hal/eclipse_gcc/bin/libam_hal.a(am_hal_itm.o)
 .text.am_hal_itm_stimulus_not_busy
                0x00000000       0x10 ../../../../../mcu/apollo/hal/eclipse_gcc/bin/libam_hal.a(am_hal_itm.o)
 .text.am_hal_itm_stimulus_reg_word_write
                0x00000000       0x10 ../../../../../mcu/apollo/hal/eclipse_gcc/bin/libam_hal.a(am_hal_itm.o)
 .text.am_hal_itm_stimulus_reg_short_write
                0x00000000       0x10 ../../../../../mcu/apollo/hal/eclipse_gcc/bin/libam_hal.a(am_hal_itm.o)
 .text.am_hal_itm_stimulus_reg_byte_write
                0x00000000       0x10 ../../../../../mcu/apollo/hal/eclipse_gcc/bin/libam_hal.a(am_hal_itm.o)
 .text.am_hal_itm_sync_send
                0x00000000       0x18 ../../../../../mcu/apollo/hal/eclipse_gcc/bin/libam_hal.a(am_hal_itm.o)
 .text.am_hal_itm_print_not_busy
                0x00000000       0x18 ../../../../../mcu/apollo/hal/eclipse_gcc/bin/libam_hal.a(am_hal_itm.o)
 .text          0x00000000        0x0 ../../../../../mcu/apollo/hal/eclipse_gcc/bin/libam_hal.a(am_hal_mcuctrl.o)
 .data          0x00000000        0x0 ../../../../../mcu/apollo/hal/eclipse_gcc/bin/libam_hal.a(am_hal_mcuctrl.o)
 .bss           0x00000000        0x0 ../../../../../mcu/apollo/hal/eclipse_gcc/bin/libam_hal.a(am_hal_mcuctrl.o)
 .text.am_hal_mcuctrl_fault_capture_enable
                0x00000000       0x10 ../../../../../mcu/apollo/hal/eclipse_gcc/bin/libam_hal.a(am_hal_mcuctrl.o)
 .text.am_hal_mcuctrl_fault_capture_disable
                0x00000000       0x10 ../../../../../mcu/apollo/hal/eclipse_gcc/bin/libam_hal.a(am_hal_mcuctrl.o)
 .text.am_hal_mcuctrl_fault_status
                0x00000000       0x48 ../../../../../mcu/apollo/hal/eclipse_gcc/bin/libam_hal.a(am_hal_mcuctrl.o)
 .text.am_hal_mcuctrl_flash_power_set
                0x00000000        0xc ../../../../../mcu/apollo/hal/eclipse_gcc/bin/libam_hal.a(am_hal_mcuctrl.o)
 .text.am_hal_mcuctrl_sram_power_set
                0x00000000       0x14 ../../../../../mcu/apollo/hal/eclipse_gcc/bin/libam_hal.a(am_hal_mcuctrl.o)
 .text.am_hal_mcuctrl_bandgap_enable
                0x00000000        0xc ../../../../../mcu/apollo/hal/eclipse_gcc/bin/libam_hal.a(am_hal_mcuctrl.o)
 .text.am_hal_mcuctrl_bucks_disable
                0x00000000       0x18 ../../../../../mcu/apollo/hal/eclipse_gcc/bin/libam_hal.a(am_hal_mcuctrl.o)
 .text          0x00000000        0x0 ../../../../../mcu/apollo/hal/eclipse_gcc/bin/libam_hal.a(am_hal_rtc.o)
 .data          0x00000000        0x0 ../../../../../mcu/apollo/hal/eclipse_gcc/bin/libam_hal.a(am_hal_rtc.o)
 .bss           0x00000000        0x0 ../../../../../mcu/apollo/hal/eclipse_gcc/bin/libam_hal.a(am_hal_rtc.o)
 .text.am_hal_rtc_osc_enable
                0x00000000       0x10 ../../../../../mcu/apollo/hal/eclipse_gcc/bin/libam_hal.a(am_hal_rtc.o)
 .text.am_hal_rtc_time_12hour
                0x00000000       0x14 ../../../../../mcu/apollo/hal/eclipse_gcc/bin/libam_hal.a(am_hal_rtc.o)
 .text.am_hal_rtc_int_enable
                0x00000000       0x10 ../../../../../mcu/apollo/hal/eclipse_gcc/bin/libam_hal.a(am_hal_rtc.o)
 .text.am_hal_rtc_int_enable_get
                0x00000000        0xc ../../../../../mcu/apollo/hal/eclipse_gcc/bin/libam_hal.a(am_hal_rtc.o)
 .text.am_hal_rtc_int_disable
                0x00000000       0x10 ../../../../../mcu/apollo/hal/eclipse_gcc/bin/libam_hal.a(am_hal_rtc.o)
 .text.am_hal_rtc_int_set
                0x00000000        0xc ../../../../../mcu/apollo/hal/eclipse_gcc/bin/libam_hal.a(am_hal_rtc.o)
 .text.am_hal_rtc_int_clear
                0x00000000        0xc ../../../../../mcu/apollo/hal/eclipse_gcc/bin/libam_hal.a(am_hal_rtc.o)
 .text.am_hal_rtc_int_status_get
                0x00000000       0x24 ../../../../../mcu/apollo/hal/eclipse_gcc/bin/libam_hal.a(am_hal_rtc.o)
 .text.am_hal_rtc_time_set
                0x00000000      0x134 ../../../../../mcu/apollo/hal/eclipse_gcc/bin/libam_hal.a(am_hal_rtc.o)
 .text.am_hal_rtc_time_get
                0x00000000       0xe8 ../../../../../mcu/apollo/hal/eclipse_gcc/bin/libam_hal.a(am_hal_rtc.o)
 .text.am_hal_rtc_alarm_interval_set
                0x00000000       0x58 ../../../../../mcu/apollo/hal/eclipse_gcc/bin/libam_hal.a(am_hal_rtc.o)
 .text.am_hal_rtc_alarm_set
                0x00000000      0x110 ../../../../../mcu/apollo/hal/eclipse_gcc/bin/libam_hal.a(am_hal_rtc.o)
 .text.am_hal_rtc_alarm_get
                0x00000000       0xb4 ../../../../../mcu/apollo/hal/eclipse_gcc/bin/libam_hal.a(am_hal_rtc.o)
 .text          0x00000000        0x0 ../../../../../mcu/apollo/hal/eclipse_gcc/bin/libam_hal.a(am_hal_sysctrl.o)
 .data          0x00000000        0x0 ../../../../../mcu/apollo/hal/eclipse_gcc/bin/libam_hal.a(am_hal_sysctrl.o)
 .bss           0x00000000        0x0 ../../../../../mcu/apollo/hal/eclipse_gcc/bin/libam_hal.a(am_hal_sysctrl.o)
 .text.am_hal_sysctrl_fpu_enable
                0x00000000       0x10 ../../../../../mcu/apollo/hal/eclipse_gcc/bin/libam_hal.a(am_hal_sysctrl.o)
 .text.am_hal_sysctrl_fpu_disable
                0x00000000        0xc ../../../../../mcu/apollo/hal/eclipse_gcc/bin/libam_hal.a(am_hal_sysctrl.o)
 .text.am_hal_sysctrl_fpu_stacking_enable
                0x00000000       0x1c ../../../../../mcu/apollo/hal/eclipse_gcc/bin/libam_hal.a(am_hal_sysctrl.o)
 .text.am_hal_sysctrl_fpu_stacking_disable
                0x00000000       0x10 ../../../../../mcu/apollo/hal/eclipse_gcc/bin/libam_hal.a(am_hal_sysctrl.o)
 .text.am_hal_sysctrl_reset
                0x00000000       0x10 ../../../../../mcu/apollo/hal/eclipse_gcc/bin/libam_hal.a(am_hal_sysctrl.o)
 .text          0x00000000        0x0 ../../../../../mcu/apollo/hal/eclipse_gcc/bin/libam_hal.a(am_hal_tpiu.o)
 .data          0x00000000        0x0 ../../../../../mcu/apollo/hal/eclipse_gcc/bin/libam_hal.a(am_hal_tpiu.o)
 .bss           0x00000000        0x0 ../../../../../mcu/apollo/hal/eclipse_gcc/bin/libam_hal.a(am_hal_tpiu.o)
 .text.am_hal_tpiu_clock_enable
                0x00000000       0x10 ../../../../../mcu/apollo/hal/eclipse_gcc/bin/libam_hal.a(am_hal_tpiu.o)
 .text.am_hal_tpiu_clock_disable
                0x00000000       0x10 ../../../../../mcu/apollo/hal/eclipse_gcc/bin/libam_hal.a(am_hal_tpiu.o)
 .text.am_hal_tpiu_port_width_set
                0x00000000       0x14 ../../../../../mcu/apollo/hal/eclipse_gcc/bin/libam_hal.a(am_hal_tpiu.o)
 .text.am_hal_tpiu_supported_port_width_get
                0x00000000       0x24 ../../../../../mcu/apollo/hal/eclipse_gcc/bin/libam_hal.a(am_hal_tpiu.o)
 .text.am_hal_tpiu_port_width_get
                0x00000000       0x24 ../../../../../mcu/apollo/hal/eclipse_gcc/bin/libam_hal.a(am_hal_tpiu.o)
 .text.am_hal_tpiu_configure
                0x00000000       0x3c ../../../../../mcu/apollo/hal/eclipse_gcc/bin/libam_hal.a(am_hal_tpiu.o)
 .text          0x00000000        0x0 ../../../../../mcu/apollo/hal/eclipse_gcc/bin/libam_hal.a(am_hal_vcomp.o)
 .data          0x00000000        0x0 ../../../../../mcu/apollo/hal/eclipse_gcc/bin/libam_hal.a(am_hal_vcomp.o)
 .bss           0x00000000        0x0 ../../../../../mcu/apollo/hal/eclipse_gcc/bin/libam_hal.a(am_hal_vcomp.o)
 .text.am_hal_vcomp_config
                0x00000000       0x1c ../../../../../mcu/apollo/hal/eclipse_gcc/bin/libam_hal.a(am_hal_vcomp.o)
 .text.am_hal_vcomp_dac_level_set
                0x00000000       0x18 ../../../../../mcu/apollo/hal/eclipse_gcc/bin/libam_hal.a(am_hal_vcomp.o)
 .text.am_hal_vcomp_read
                0x00000000       0x10 ../../../../../mcu/apollo/hal/eclipse_gcc/bin/libam_hal.a(am_hal_vcomp.o)
 .text.am_hal_vcomp_enable
                0x00000000        0xc ../../../../../mcu/apollo/hal/eclipse_gcc/bin/libam_hal.a(am_hal_vcomp.o)
 .text.am_hal_vcomp_int_status_get
                0x00000000       0x1c ../../../../../mcu/apollo/hal/eclipse_gcc/bin/libam_hal.a(am_hal_vcomp.o)
 .text.am_hal_vcomp_int_set
                0x00000000        0xc ../../../../../mcu/apollo/hal/eclipse_gcc/bin/libam_hal.a(am_hal_vcomp.o)
 .text.am_hal_vcomp_int_clear
                0x00000000        0xc ../../../../../mcu/apollo/hal/eclipse_gcc/bin/libam_hal.a(am_hal_vcomp.o)
 .text.am_hal_vcomp_int_enable
                0x00000000       0x10 ../../../../../mcu/apollo/hal/eclipse_gcc/bin/libam_hal.a(am_hal_vcomp.o)
 .text.am_hal_vcomp_int_enable_get
                0x00000000        0xc ../../../../../mcu/apollo/hal/eclipse_gcc/bin/libam_hal.a(am_hal_vcomp.o)
 .text.am_hal_vcomp_int_disable
                0x00000000       0x10 ../../../../../mcu/apollo/hal/eclipse_gcc/bin/libam_hal.a(am_hal_vcomp.o)
 .data          0x00000000        0x0 c:/ambiqmicro/gcc/launchpadgcc/bin/../lib/gcc/arm-none-eabi/4.8.3/armv7e-m/softfp/libgcc.a(_arm_truncdfsf2.o)
 .bss           0x00000000        0x0 c:/ambiqmicro/gcc/launchpadgcc/bin/../lib/gcc/arm-none-eabi/4.8.3/armv7e-m/softfp/libgcc.a(_arm_truncdfsf2.o)

Memory Configuration

Name             Origin             Length             Attributes
FLASH            0x00000000         0x00080000         xr
SRAM             0x10000000         0x00010000         xrw
*default*        0x00000000         0xffffffff

Linker script and memory map


.text           0x00000000     0x13a0
 *(.isr_vector)
 .isr_vector    0x00000000       0x80 bin/startup_gcc.o
                0x00000000                g_am_pfnVectors
 *(.text*)
 .text.main     0x00000080       0xb8 bin/hello_world.o
                0x00000080                main
 .text.am_fault_isr
                0x00000138       0x10 bin/am_util_faultisr.o
                0x00000138                am_fault_isr
 .text.getStackedReg
                0x00000148        0xc bin/am_util_faultisr.o
                0x00000148                getStackedReg
 .text.am_util_faultisr_collect_data
                0x00000154       0xc4 bin/am_util_faultisr.o
                0x00000154                am_util_faultisr_collect_data
 .text.am_util_stdio_printf_init
                0x00000218       0x1c bin/am_util_stdio.o
                0x00000218                am_util_stdio_printf_init
 .text.divu64_10
                0x00000234      0x1a8 bin/am_util_stdio.o
 .text.ndigits_in_u64
                0x000003dc       0x44 bin/am_util_stdio.o
 .text.ndigits_in_i64
                0x00000420       0x3c bin/am_util_stdio.o
 .text.ndigits_in_hex
                0x0000045c       0x4c bin/am_util_stdio.o
 .text.decstr_to_u
                0x000004a8       0x64 bin/am_util_stdio.o
 .text.uint64_to_str
                0x0000050c       0x94 bin/am_util_stdio.o
 .text.uint64_to_hexstr
                0x000005a0       0xc8 bin/am_util_stdio.o
 .text.ftoa     0x00000668      0x1d8 bin/am_util_stdio.o
 .text.am_util_stdio_vsprintf
                0x00000840      0x548 bin/am_util_stdio.o
                0x00000840                am_util_stdio_vsprintf
 .text.am_util_stdio_printf
                0x00000d88       0x3c bin/am_util_stdio.o
                0x00000d88                am_util_stdio_printf
 .text.am_util_stdio_terminal_clear
                0x00000dc4       0x1c bin/am_util_stdio.o
                0x00000dc4                am_util_stdio_terminal_clear
 .text.am_reset_isr
                0x00000de0       0x64 bin/startup_gcc.o
                0x00000de0                am_reset_isr
 .text.am_nmi_isr
                0x00000e44        0x8 bin/startup_gcc.o
                0x00000e44                am_nmi_isr
 .text.am_default_isr
                0x00000e4c        0x8 bin/startup_gcc.o
                0x00000e4c                am_adc_isr
                0x00000e4c                am_software14_isr
                0x00000e4c                am_clkgen_isr
                0x00000e4c                am_uart_isr
                0x00000e4c                am_ctimer_isr
                0x00000e4c                am_svcall_isr
                0x00000e4c                am_ioslave_acc_isr
                0x00000e4c                am_software15_isr
                0x00000e4c                am_iomaster1_isr
                0x00000e4c                am_brownout_isr
                0x00000e4c                am_vcomp_isr
                0x00000e4c                am_usagefault_isr
                0x00000e4c                am_gpio_isr
                0x00000e4c                am_debugmon_isr
                0x00000e4c                am_software12_isr
                0x00000e4c                am_software13_isr
                0x00000e4c                am_ioslave_ios_isr
                0x00000e4c                am_systick_isr
                0x00000e4c                am_watchdog_isr
                0x00000e4c                am_iomaster0_isr
                0x00000e4c                am_default_isr
                0x00000e4c                am_pendsv_isr
 .text.am_bsp_low_power_init
                0x00000e54       0x28 ../../../bsp/eclipse_gcc/bin/libam_bsp.a(am_bsp.o)
                0x00000e54                am_bsp_low_power_init
 .text.am_bsp_debug_printf_enable
                0x00000e7c       0x44 ../../../bsp/eclipse_gcc/bin/libam_bsp.a(am_bsp.o)
                0x00000e7c                am_bsp_debug_printf_enable
 .text.am_bsp_debug_printf_disable
                0x00000ec0       0x50 ../../../bsp/eclipse_gcc/bin/libam_bsp.a(am_bsp.o)
                0x00000ec0                am_bsp_debug_printf_disable
 .text.am_hal_clkgen_sysclk_select
                0x00000f10       0x20 ../../../../../mcu/apollo/hal/eclipse_gcc/bin/libam_hal.a(am_hal_clkgen.o)
                0x00000f10                am_hal_clkgen_sysclk_select
 .text.am_hal_clkgen_sysclk_get
                0x00000f30       0x18 ../../../../../mcu/apollo/hal/eclipse_gcc/bin/libam_hal.a(am_hal_clkgen.o)
                0x00000f30                am_hal_clkgen_sysclk_get
 .text.am_hal_clkgen_osc_stop
                0x00000f48       0x10 ../../../../../mcu/apollo/hal/eclipse_gcc/bin/libam_hal.a(am_hal_clkgen.o)
                0x00000f48                am_hal_clkgen_osc_stop
 .text.am_itm_delay_cycles
                0x00000f58        0x8 ../../../../../mcu/apollo/hal/eclipse_gcc/bin/libam_hal.a(am_hal_itm.o)
 .text.am_hal_itm_delay_us
                0x00000f60       0x20 ../../../../../mcu/apollo/hal/eclipse_gcc/bin/libam_hal.a(am_hal_itm.o)
                0x00000f60                am_hal_itm_delay_us
 .text.am_hal_itm_enable
                0x00000f80       0x58 ../../../../../mcu/apollo/hal/eclipse_gcc/bin/libam_hal.a(am_hal_itm.o)
                0x00000f80                am_hal_itm_enable
 .text.am_hal_itm_not_busy
                0x00000fd8       0x2c ../../../../../mcu/apollo/hal/eclipse_gcc/bin/libam_hal.a(am_hal_itm.o)
                0x00000fd8                am_hal_itm_not_busy
 .text.am_hal_itm_print
                0x00001004       0x58 ../../../../../mcu/apollo/hal/eclipse_gcc/bin/libam_hal.a(am_hal_itm.o)
                0x00001004                am_hal_itm_print
 .text.am_hal_mcuctrl_device_info_get
                0x0000105c       0x54 ../../../../../mcu/apollo/hal/eclipse_gcc/bin/libam_hal.a(am_hal_mcuctrl.o)
                0x0000105c                am_hal_mcuctrl_device_info_get
 .text.am_hal_mcuctrl_bandgap_disable
                0x000010b0       0x10 ../../../../../mcu/apollo/hal/eclipse_gcc/bin/libam_hal.a(am_hal_mcuctrl.o)
                0x000010b0                am_hal_mcuctrl_bandgap_disable
 .text.am_hal_mcuctrl_bucks_enable
                0x000010c0       0x2c ../../../../../mcu/apollo/hal/eclipse_gcc/bin/libam_hal.a(am_hal_mcuctrl.o)
                0x000010c0                am_hal_mcuctrl_bucks_enable
 .text.am_hal_rtc_osc_select
                0x000010ec       0x1c ../../../../../mcu/apollo/hal/eclipse_gcc/bin/libam_hal.a(am_hal_rtc.o)
                0x000010ec                am_hal_rtc_osc_select
 .text.am_hal_rtc_osc_disable
                0x00001108       0x10 ../../../../../mcu/apollo/hal/eclipse_gcc/bin/libam_hal.a(am_hal_rtc.o)
                0x00001108                am_hal_rtc_osc_disable
 .text.am_hal_sysctrl_sleep
                0x00001118       0x34 ../../../../../mcu/apollo/hal/eclipse_gcc/bin/libam_hal.a(am_hal_sysctrl.o)
                0x00001118                am_hal_sysctrl_sleep
 .text.am_hal_tpiu_enable
                0x0000114c       0x50 ../../../../../mcu/apollo/hal/eclipse_gcc/bin/libam_hal.a(am_hal_tpiu.o)
                0x0000114c                am_hal_tpiu_enable
 .text.am_hal_tpiu_disable
                0x0000119c        0xc ../../../../../mcu/apollo/hal/eclipse_gcc/bin/libam_hal.a(am_hal_tpiu.o)
                0x0000119c                am_hal_tpiu_disable
 .text.am_hal_vcomp_disable
                0x000011a8        0xc ../../../../../mcu/apollo/hal/eclipse_gcc/bin/libam_hal.a(am_hal_vcomp.o)
                0x000011a8                am_hal_vcomp_disable
 .text          0x000011b4       0xa0 c:/ambiqmicro/gcc/launchpadgcc/bin/../lib/gcc/arm-none-eabi/4.8.3/armv7e-m/softfp/libgcc.a(_arm_truncdfsf2.o)
                0x000011b4                __truncdfsf2
                0x000011b4                __aeabi_d2f
 *(.rodata*)
 .rodata        0x00001254       0xcc bin/hello_world.o
 .rodata        0x00001320       0x28 bin/am_util_stdio.o
 .rodata.CSWTCH.2
                0x00001348       0x20 ../../../../../mcu/apollo/hal/eclipse_gcc/bin/libam_hal.a(am_hal_clkgen.o)
 .rodata.am_hal_mcuctrl_flash_size
                0x00001368       0x1c ../../../../../mcu/apollo/hal/eclipse_gcc/bin/libam_hal.a(am_hal_mcuctrl.o)
                0x00001368                am_hal_mcuctrl_flash_size
 .rodata.am_hal_mcuctrl_sram_size
                0x00001384       0x1c ../../../../../mcu/apollo/hal/eclipse_gcc/bin/libam_hal.a(am_hal_mcuctrl.o)
                0x00001384                am_hal_mcuctrl_sram_size
                0x000013a0                _etext = .

.glue_7         0x000013a0        0x0
 .glue_7        0x00000000        0x0 linker stubs

.glue_7t        0x000013a0        0x0
 .glue_7t       0x00000000        0x0 linker stubs

.vfp11_veneer   0x000013a0        0x0
 .vfp11_veneer  0x00000000        0x0 linker stubs

.v4_bx          0x000013a0        0x0
 .v4_bx         0x00000000        0x0 linker stubs

.iplt           0x000013a0        0x0
 .iplt          0x00000000        0x0 bin/hello_world.o

.rel.dyn        0x000013a0        0x0
 .rel.iplt      0x00000000        0x0 bin/hello_world.o

.stack          0x10000000      0x200
 *(.stack*)
 .stack         0x10000000      0x200 bin/startup_gcc.o

.data           0x10000200        0x4 load address 0x000013a0
                0x10000200                _data = .
 *(vtable)
 *(.data*)
 .data.g_pui32StimReg
                0x10000200        0x4 ../../../../../mcu/apollo/hal/eclipse_gcc/bin/libam_hal.a(am_hal_itm.o)
                0x10000200                g_pui32StimReg
                0x10000204                _edata = .
                0x10000204                . = ALIGN (0x4)

.igot.plt       0x10000204        0x0 load address 0x000013a4
 .igot.plt      0x00000000        0x0 bin/hello_world.o

.bss            0x10000204      0x110 load address 0x000013a4
                0x10000204                _bss = .
 *(.bss*)
 .bss.g_prfbuf  0x10000204      0x100 bin/am_util_stdio.o
 .bss.g_bTxtXlate
                0x10000304        0x1 bin/am_util_stdio.o
 *fill*         0x10000305        0x3 
 .bss.g_ui32HALflags
                0x10000308        0x4 ../../../../../mcu/apollo/hal/eclipse_gcc/bin/libam_hal.a(am_hal_global.o)
                0x10000308                g_ui32HALflags
 .bss.g_am_hal_itm_print_registers
                0x1000030c        0x4 ../../../../../mcu/apollo/hal/eclipse_gcc/bin/libam_hal.a(am_hal_itm.o)
                0x1000030c                g_am_hal_itm_print_registers
 *(COMMON)
 COMMON         0x10000310        0x4 bin/am_util_stdio.o
                0x10000310                g_pfnCharPrint
                0x10000314                _ebss = .
LOAD bin/hello_world.o
LOAD bin/am_util_faultisr.o
LOAD bin/am_util_stdio.o
LOAD bin/startup_gcc.o
LOAD ../../../bsp/eclipse_gcc/bin/libam_bsp.a
LOAD ../../../../../mcu/apollo/hal/eclipse_gcc/bin/libam_hal.a
LOAD c:/ambiqmicro/gcc/launchpadgcc/bin/../lib/gcc/arm-none-eabi/4.8.3/../../../../arm-none-eabi/lib/armv7e-m/softfp/libm.a
LOAD c:/ambiqmicro/gcc/launchpadgcc/bin/../lib/gcc/arm-none-eabi/4.8.3/../../../../arm-none-eabi/lib/armv7e-m/softfp/libc.a
LOAD c:/ambiqmicro/gcc/launchpadgcc/bin/../lib/gcc/arm-none-eabi/4.8.3/armv7e-m/softfp/libgcc.a
OUTPUT(bin/hello_world.axf elf32-littlearm)

.debug_info     0x00000000      0xc61
 .debug_info    0x00000000      0x14f bin/hello_world.o
 .debug_info    0x0000014f      0x208 bin/am_util_faultisr.o
 .debug_info    0x00000357      0x7ee bin/am_util_stdio.o
 .debug_info    0x00000b45      0x11c bin/startup_gcc.o

.debug_abbrev   0x00000000      0x434
 .debug_abbrev  0x00000000       0x95 bin/hello_world.o
 .debug_abbrev  0x00000095       0xc8 bin/am_util_faultisr.o
 .debug_abbrev  0x0000015d      0x20f bin/am_util_stdio.o
 .debug_abbrev  0x0000036c       0xc8 bin/startup_gcc.o

.debug_aranges  0x00000000      0x118
 .debug_aranges
                0x00000000       0x20 bin/hello_world.o
 .debug_aranges
                0x00000020       0x30 bin/am_util_faultisr.o
 .debug_aranges
                0x00000050       0x90 bin/am_util_stdio.o
 .debug_aranges
                0x000000e0       0x38 bin/startup_gcc.o

.debug_ranges   0x00000000       0xd8
 .debug_ranges  0x00000000       0x10 bin/hello_world.o
 .debug_ranges  0x00000010       0x20 bin/am_util_faultisr.o
 .debug_ranges  0x00000030       0x80 bin/am_util_stdio.o
 .debug_ranges  0x000000b0       0x28 bin/startup_gcc.o

.debug_line     0x00000000      0x88a
 .debug_line    0x00000000      0x14c bin/hello_world.o
 .debug_line    0x0000014c      0x166 bin/am_util_faultisr.o
 .debug_line    0x000002b2      0x4b9 bin/am_util_stdio.o
 .debug_line    0x0000076b      0x11f bin/startup_gcc.o

.debug_str      0x00000000      0x67a
 .debug_str     0x00000000      0x21b bin/hello_world.o
                                0x265 (size before relaxing)
 .debug_str     0x0000021b      0x10f bin/am_util_faultisr.o
                                0x2c3 (size before relaxing)
 .debug_str     0x0000032a      0x2fe bin/am_util_stdio.o
                                0x52a (size before relaxing)
 .debug_str     0x00000628       0x52 bin/startup_gcc.o
                                0x20b (size before relaxing)

.comment        0x00000000       0x70
 .comment       0x00000000       0x70 bin/hello_world.o
                                 0x71 (size before relaxing)
 .comment       0x00000000       0x71 bin/am_util_faultisr.o
 .comment       0x00000000       0x71 bin/am_util_stdio.o
 .comment       0x00000000       0x71 bin/startup_gcc.o
 .comment       0x00000000       0x71 ../../../bsp/eclipse_gcc/bin/libam_bsp.a(am_bsp.o)
 .comment       0x00000000       0x71 ../../../../../mcu/apollo/hal/eclipse_gcc/bin/libam_hal.a(am_hal_clkgen.o)
 .comment       0x00000000       0x71 ../../../../../mcu/apollo/hal/eclipse_gcc/bin/libam_hal.a(am_hal_global.o)
 .comment       0x00000000       0x71 ../../../../../mcu/apollo/hal/eclipse_gcc/bin/libam_hal.a(am_hal_itm.o)
 .comment       0x00000000       0x71 ../../../../../mcu/apollo/hal/eclipse_gcc/bin/libam_hal.a(am_hal_mcuctrl.o)
 .comment       0x00000000       0x71 ../../../../../mcu/apollo/hal/eclipse_gcc/bin/libam_hal.a(am_hal_rtc.o)
 .comment       0x00000000       0x71 ../../../../../mcu/apollo/hal/eclipse_gcc/bin/libam_hal.a(am_hal_sysctrl.o)
 .comment       0x00000000       0x71 ../../../../../mcu/apollo/hal/eclipse_gcc/bin/libam_hal.a(am_hal_tpiu.o)
 .comment       0x00000000       0x71 ../../../../../mcu/apollo/hal/eclipse_gcc/bin/libam_hal.a(am_hal_vcomp.o)

.ARM.attributes
                0x00000000       0x37
 .ARM.attributes
                0x00000000       0x37 bin/hello_world.o
 .ARM.attributes
                0x00000037       0x37 bin/am_util_faultisr.o
 .ARM.attributes
                0x0000006e       0x37 bin/am_util_stdio.o
 .ARM.attributes
                0x000000a5       0x37 bin/startup_gcc.o
 .ARM.attributes
                0x000000dc       0x37 ../../../bsp/eclipse_gcc/bin/libam_bsp.a(am_bsp.o)
 .ARM.attributes
                0x00000113       0x37 ../../../../../mcu/apollo/hal/eclipse_gcc/bin/libam_hal.a(am_hal_clkgen.o)
 .ARM.attributes
                0x0000014a       0x37 ../../../../../mcu/apollo/hal/eclipse_gcc/bin/libam_hal.a(am_hal_global.o)
 .ARM.attributes
                0x00000181       0x37 ../../../../../mcu/apollo/hal/eclipse_gcc/bin/libam_hal.a(am_hal_itm.o)
 .ARM.attributes
                0x000001b8       0x37 ../../../../../mcu/apollo/hal/eclipse_gcc/bin/libam_hal.a(am_hal_mcuctrl.o)
 .ARM.attributes
                0x000001ef       0x37 ../../../../../mcu/apollo/hal/eclipse_gcc/bin/libam_hal.a(am_hal_rtc.o)
 .ARM.attributes
                0x00000226       0x37 ../../../../../mcu/apollo/hal/eclipse_gcc/bin/libam_hal.a(am_hal_sysctrl.o)
 .ARM.attributes
                0x0000025d       0x37 ../../../../../mcu/apollo/hal/eclipse_gcc/bin/libam_hal.a(am_hal_tpiu.o)
 .ARM.attributes
                0x00000294       0x37 ../../../../../mcu/apollo/hal/eclipse_gcc/bin/libam_hal.a(am_hal_vcomp.o)
 .ARM.attributes
                0x000002cb       0x22 c:/ambiqmicro/gcc/launchpadgcc/bin/../lib/gcc/arm-none-eabi/4.8.3/armv7e-m/softfp/libgcc.a(_arm_truncdfsf2.o)

.debug_frame    0x00000000      0x2d8
 .debug_frame   0x00000000       0x30 bin/hello_world.o
 .debug_frame   0x00000030       0x50 bin/am_util_faultisr.o
 .debug_frame   0x00000080      0x1f0 bin/am_util_stdio.o
 .debug_frame   0x00000270       0x68 bin/startup_gcc.o
